<html>
<body>
<pre>
<h1>礦ision Build Log</h1>
<h2>Tool Versions:</h2>
IDE-Version: μVision V5.23.0.0
Copyright (C) 2017 ARM Ltd and ARM Germany GmbH. All rights reserved.
License Information: Alex Scofield, OUC, LIC=NQQNN-YAZ0P-457T5-G7R0N-W8ZHK-HSFB2
 
Tool Versions:
Toolchain:       MDK-ARM Plus  Version: 5.23
Toolchain Path:  D:\Program Files\Keil_v5\ARM\ARMCC\Bin
C Compiler:      Armcc.exe V5.06 update 4 (build 422)
Assembler:       Armasm.exe V5.06 update 4 (build 422)
Linker/Locator:  ArmLink.exe V5.06 update 4 (build 422)
Library Manager: ArmAr.exe V5.06 update 4 (build 422)
Hex Converter:   FromElf.exe V5.06 update 4 (build 422)
CPU DLL:         SARMCM3.DLL V5.23
Dialog DLL:      DARMSTM.DLL V1.68.0.0
Target DLL:      Segger\JL2CM3.dll V2.99.23.0
Dialog DLL:      TARMSTM.DLL V1.66.0.0
 
<h2>Project:</h2>
C:\Users\ALEX.DON.SCOFIELD\Desktop\quadcopter\flying_spirit\IC\8 GY-86\USER\GY-86.uvproj
Project File Date:  04/02/2017

<h2>Output:</h2>
*** Using Compiler 'V5.06 update 4 (build 422)', folder: 'D:\Program Files\Keil_v5\ARM\ARMCC\Bin'
Build target 'GY-86'
compiling MP6050.c...
MP6050.c(102): warning:  #223-D: function "printf" declared implicitly
      	printf("\r设备MP6050识别成功，id=0x%x\r\n\r",dev);
MP6050.c(104): warning:  #223-D: function "printf" declared implicitly
  	else{ printf("\r错误!无法设别设备MP6050，id=0x%x\r\n\r");}
MP6050.c: 2 warnings, 0 errors
linking...
Program Size: Code=15032 RO-data=496 RW-data=232 ZI-data=1048  
FromELF: creating hex file...
"..\Output\SCI.axf" - 0 Error(s), 2 Warning(s).
Build Time Elapsed:  00:00:08
</pre>
</body>
</html>
