<html>
<body>
<pre>
<h1>µVision Build Log</h1>
<h2>Tool Versions:</h2>
IDE-Version: ¦ÌVision V5.23.0.0
Copyright (C) 2017 ARM Ltd and ARM Germany GmbH. All rights reserved.
License Information: Alex Scofield, OUC, LIC=NQQNN-YAZ0P-457T5-G7R0N-W8ZHK-HSFB2
 
Tool Versions:
Toolchain:       MDK-ARM Plus  Version: 5.23
Toolchain Path:  D:\Program Files\Keil_v5\ARM\ARMCC\Bin
C Compiler:      Armcc.exe V5.06 update 4 (build 422)
Assembler:       Armasm.exe V5.06 update 4 (build 422)
Linker/Locator:  ArmLink.exe V5.06 update 4 (build 422)
Library Manager: ArmAr.exe V5.06 update 4 (build 422)
Hex Converter:   FromElf.exe V5.06 update 4 (build 422)
CPU DLL:         SARMCM3.DLL V5.23
Dialog DLL:      DARMSTM.DLL V1.68.0.0
Target DLL:      Segger\JL2CM3.dll V2.99.23.0
Dialog DLL:      TARMSTM.DLL V1.66.0.0
 
<h2>Project:</h2>
C:\Users\ALEX.DON.SCOFIELD\Desktop\quadcopter\flying_spirit\IC\GY_86_4\user\system_time.uvproj
Project File Date:  12/12/2013

<h2>Output:</h2>
*** Using Compiler 'V5.06 update 4 (build 422)', folder: 'D:\Program Files\Keil_v5\ARM\ARMCC\Bin'
Build target 'system_time'
compiling stm32f10x_it.c...
compiling stm32f10x_bkp.c...
compiling misc.c...
compiling usart1.c...
compiling main.c...
GY_86.h(84): warning:  #1295-D: Deprecated declaration Init_MS561101BA - give arg types
  void Init_MS561101BA();
GY_86.h(85): warning:  #1295-D: Deprecated declaration MS561101BA_RESET - give arg types
  bool MS561101BA_RESET();
GY_86.h(86): warning:  #1295-D: Deprecated declaration MS561101BA_PROM_READ - give arg types
  bool MS561101BA_PROM_READ();
GY_86.h(87): warning:  #1295-D: Deprecated declaration GetData_ms5611 - give arg types
  void GetData_ms5611();
GY_86.h(88): warning:  #1295-D: Deprecated declaration Exchange_Number - give arg types
  void Exchange_Number();
GY_86.h(104): warning:  #1-D: last line of file ends without a newline
  #endif/* __GY_521_H */
main.c(32): warning:  #223-D: function "IIC_GY86_GPIO_Init" declared implicitly
  	IIC_GY86_GPIO_Init();
main.c: 7 warnings, 0 errors
compiling stm32f10x_adc.c...
compiling GY_86.c...
GY_86.h(84): warning:  #1295-D: Deprecated declaration Init_MS561101BA - give arg types
  void Init_MS561101BA();
GY_86.h(85): warning:  #1295-D: Deprecated declaration MS561101BA_RESET - give arg types
  bool MS561101BA_RESET();
GY_86.h(86): warning:  #1295-D: Deprecated declaration MS561101BA_PROM_READ - give arg types
  bool MS561101BA_PROM_READ();
GY_86.h(87): warning:  #1295-D: Deprecated declaration GetData_ms5611 - give arg types
  void GetData_ms5611();
GY_86.h(88): warning:  #1295-D: Deprecated declaration Exchange_Number - give arg types
  void Exchange_Number();
GY_86.h(104): warning:  #1-D: last line of file ends without a newline
  #endif/* __GY_521_H */
GY_86.c(129): warning:  #177-D: variable "ack"  was declared but never referenced
  	unsigned char ack=1;
GY_86.c(185): warning:  #940-D: missing return statement at end of non-void function "Single_WriteI2C" 
  }
GY_86.c(332): warning:  #550-D: variable "dT_C"  was set but never used
    int32_t dT_C;
GY_86.c(429): warning:  #177-D: variable "i"  was declared but never referenced
  { u8 i,n_crc,n=0;
GY_86.c(429): warning:  #177-D: variable "n"  was declared but never referenced
  { u8 i,n_crc,n=0;
GY_86.c(554): warning:  #1-D: last line of file ends without a newline
  /******************* (C) COPYRIGHT 2011 STMicroelectronics *****END OF FILE****/
GY_86.c: 12 warnings, 0 errors
compiling stm32f10x_crc.c...
compiling stm32f10x_dbgmcu.c...
compiling stm32f10x_dac.c...
compiling stm32f10x_exti.c...
compiling stm32f10x_can.c...
compiling stm32f10x_dma.c...
compiling stm32f10x_cec.c...
compiling stm32f10x_flash.c...
compiling stm32f10x_fsmc.c...
compiling stm32f10x_gpio.c...
compiling stm32f10x_pwr.c...
compiling stm32f10x_rcc.c...
compiling stm32f10x_i2c.c...
compiling stm32f10x_iwdg.c...
compiling stm32f10x_rtc.c...
compiling stm32f10x_spi.c...
compiling stm32f10x_usart.c...
compiling core_cm3.c...
compiling stm32f10x_wwdg.c...
compiling stm32f10x_sdio.c...
compiling stm32f10x_tim.c...
compiling system_stm32f10x.c...
linking...
Program Size: Code=14064 RO-data=480 RW-data=156 ZI-data=1652  
FromELF: creating hex file...
"..\UOTPUT\system_time.axf" - 0 Error(s), 19 Warning(s).
Build Time Elapsed:  00:00:04
</pre>
</body>
</html>
