Component: ARM Compiler 5.06 update 4 (build 422) Tool: armlink [4d35d2]

==============================================================================

Section Cross References

    stm32f1xx_hal_rcc.o(i.HAL_RCC_ClockConfig) refers to stm32f1xx_hal.o(i.HAL_GetTick) for HAL_GetTick
    stm32f1xx_hal_rcc.o(i.HAL_RCC_ClockConfig) refers to stm32f1xx_hal_rcc.o(i.HAL_RCC_GetSysClockFreq) for HAL_RCC_GetSysClockFreq
    stm32f1xx_hal_rcc.o(i.HAL_RCC_ClockConfig) refers to stm32f1xx_hal_timebase_tim.o(i.HAL_InitTick) for HAL_InitTick
    stm32f1xx_hal_rcc.o(i.HAL_RCC_ClockConfig) refers to system_stm32f1xx.o(.constdata) for AHBPrescTable
    stm32f1xx_hal_rcc.o(i.HAL_RCC_ClockConfig) refers to system_stm32f1xx.o(.data) for SystemCoreClock
    stm32f1xx_hal_rcc.o(i.HAL_RCC_DeInit) refers to system_stm32f1xx.o(.data) for SystemCoreClock
    stm32f1xx_hal_rcc.o(i.HAL_RCC_GetHCLKFreq) refers to system_stm32f1xx.o(.data) for SystemCoreClock
    stm32f1xx_hal_rcc.o(i.HAL_RCC_GetPCLK1Freq) refers to system_stm32f1xx.o(.data) for SystemCoreClock
    stm32f1xx_hal_rcc.o(i.HAL_RCC_GetPCLK1Freq) refers to system_stm32f1xx.o(.constdata) for APBPrescTable
    stm32f1xx_hal_rcc.o(i.HAL_RCC_GetPCLK2Freq) refers to system_stm32f1xx.o(.data) for SystemCoreClock
    stm32f1xx_hal_rcc.o(i.HAL_RCC_GetPCLK2Freq) refers to system_stm32f1xx.o(.constdata) for APBPrescTable
    stm32f1xx_hal_rcc.o(i.HAL_RCC_MCOConfig) refers to stm32f1xx_hal_gpio.o(i.HAL_GPIO_Init) for HAL_GPIO_Init
    stm32f1xx_hal_rcc.o(i.HAL_RCC_NMI_IRQHandler) refers to stm32f1xx_hal_rcc.o(i.HAL_RCC_CSSCallback) for HAL_RCC_CSSCallback
    stm32f1xx_hal_rcc.o(i.HAL_RCC_OscConfig) refers to stm32f1xx_hal.o(i.HAL_GetTick) for HAL_GetTick
    stm32f1xx_hal_rcc.o(i.HAL_RCC_OscConfig) refers to stm32f1xx_hal.o(i.HAL_Delay) for HAL_Delay
    stm32f1xx_hal_flash.o(i.FLASH_Program_HalfWord) refers to stm32f1xx_hal_flash.o(.bss) for .bss
    stm32f1xx_hal_flash.o(i.FLASH_SetErrorCode) refers to stm32f1xx_hal_flash.o(.bss) for .bss
    stm32f1xx_hal_flash.o(i.FLASH_WaitForLastOperation) refers to stm32f1xx_hal.o(i.HAL_GetTick) for HAL_GetTick
    stm32f1xx_hal_flash.o(i.FLASH_WaitForLastOperation) refers to stm32f1xx_hal_flash.o(i.FLASH_SetErrorCode) for FLASH_SetErrorCode
    stm32f1xx_hal_flash.o(i.HAL_FLASH_GetError) refers to stm32f1xx_hal_flash.o(.bss) for .bss
    stm32f1xx_hal_flash.o(i.HAL_FLASH_IRQHandler) refers to stm32f1xx_hal_flash.o(i.FLASH_SetErrorCode) for FLASH_SetErrorCode
    stm32f1xx_hal_flash.o(i.HAL_FLASH_IRQHandler) refers to stm32f1xx_hal_flash.o(i.HAL_FLASH_OperationErrorCallback) for HAL_FLASH_OperationErrorCallback
    stm32f1xx_hal_flash.o(i.HAL_FLASH_IRQHandler) refers to stm32f1xx_hal_flash.o(i.FLASH_Program_HalfWord) for FLASH_Program_HalfWord
    stm32f1xx_hal_flash.o(i.HAL_FLASH_IRQHandler) refers to stm32f1xx_hal_flash.o(i.HAL_FLASH_EndOfOperationCallback) for HAL_FLASH_EndOfOperationCallback
    stm32f1xx_hal_flash.o(i.HAL_FLASH_IRQHandler) refers to stm32f1xx_hal_flash_ex.o(i.FLASH_PageErase) for FLASH_PageErase
    stm32f1xx_hal_flash.o(i.HAL_FLASH_IRQHandler) refers to stm32f1xx_hal_flash.o(.bss) for .bss
    stm32f1xx_hal_flash.o(i.HAL_FLASH_OB_Launch) refers to stm32f1xx_hal_cortex.o(i.HAL_NVIC_SystemReset) for HAL_NVIC_SystemReset
    stm32f1xx_hal_flash.o(i.HAL_FLASH_Program) refers to stm32f1xx_hal_flash.o(i.FLASH_WaitForLastOperation) for FLASH_WaitForLastOperation
    stm32f1xx_hal_flash.o(i.HAL_FLASH_Program) refers to llushr.o(.text) for __aeabi_llsr
    stm32f1xx_hal_flash.o(i.HAL_FLASH_Program) refers to stm32f1xx_hal_flash.o(i.FLASH_Program_HalfWord) for FLASH_Program_HalfWord
    stm32f1xx_hal_flash.o(i.HAL_FLASH_Program) refers to stm32f1xx_hal_flash.o(.bss) for .bss
    stm32f1xx_hal_flash.o(i.HAL_FLASH_Program_IT) refers to stm32f1xx_hal_flash.o(i.FLASH_Program_HalfWord) for FLASH_Program_HalfWord
    stm32f1xx_hal_flash.o(i.HAL_FLASH_Program_IT) refers to stm32f1xx_hal_flash.o(.bss) for .bss
    stm32f1xx_hal_gpio.o(i.HAL_GPIO_EXTI_IRQHandler) refers to stm32f1xx_hal_gpio.o(i.HAL_GPIO_EXTI_Callback) for HAL_GPIO_EXTI_Callback
    stm32f1xx_hal.o(i.HAL_DeInit) refers to stm32f1xx_hal.o(i.HAL_MspDeInit) for HAL_MspDeInit
    stm32f1xx_hal.o(i.HAL_Delay) refers to stm32f1xx_hal.o(i.HAL_GetTick) for HAL_GetTick
    stm32f1xx_hal.o(i.HAL_GetTick) refers to stm32f1xx_hal.o(.data) for .data
    stm32f1xx_hal.o(i.HAL_IncTick) refers to stm32f1xx_hal.o(.data) for .data
    stm32f1xx_hal.o(i.HAL_Init) refers to stm32f1xx_hal_cortex.o(i.HAL_NVIC_SetPriorityGrouping) for HAL_NVIC_SetPriorityGrouping
    stm32f1xx_hal.o(i.HAL_Init) refers to stm32f1xx_hal_timebase_tim.o(i.HAL_InitTick) for HAL_InitTick
    stm32f1xx_hal.o(i.HAL_Init) refers to stm32f1xx_hal_msp.o(i.HAL_MspInit) for HAL_MspInit
    stm32f1xx_hal.o(i.HAL_InitTick) refers to stm32f1xx_hal_rcc.o(i.HAL_RCC_GetHCLKFreq) for HAL_RCC_GetHCLKFreq
    stm32f1xx_hal.o(i.HAL_InitTick) refers to stm32f1xx_hal_cortex.o(i.HAL_SYSTICK_Config) for HAL_SYSTICK_Config
[...]
    I2C_WaitOnMasterAddressFlagUntilTimeout  0x080028f7   Thumb Code   136  stm32f1xx_hal_i2c.o(i.I2C_WaitOnMasterAddressFlagUntilTimeout)
    i.I2C_WaitOnRXNEFlagUntilTimeout         0x0800297e   Section        0  stm32f1xx_hal_i2c.o(i.I2C_WaitOnRXNEFlagUntilTimeout)
    I2C_WaitOnRXNEFlagUntilTimeout           0x0800297f   Thumb Code   102  stm32f1xx_hal_i2c.o(i.I2C_WaitOnRXNEFlagUntilTimeout)
    i.I2C_WaitOnTXEFlagUntilTimeout          0x080029e4   Section        0  stm32f1xx_hal_i2c.o(i.I2C_WaitOnTXEFlagUntilTimeout)
    I2C_WaitOnTXEFlagUntilTimeout            0x080029e5   Thumb Code    80  stm32f1xx_hal_i2c.o(i.I2C_WaitOnTXEFlagUntilTimeout)
    i.I2C_WriteByte                          0x08002a34   Section        0  i2c.o(i.I2C_WriteByte)
    i.MPU6050_Init                           0x08002a54   Section        0  mpu6050.o(i.MPU6050_Init)
    i.MX_ADC1_Init                           0x08002aa8   Section        0  adc.o(i.MX_ADC1_Init)
    i.MX_DMA_Init                            0x08002af4   Section        0  dma.o(i.MX_DMA_Init)
    i.MX_FREERTOS_Init                       0x08002b20   Section        0  freertos.o(i.MX_FREERTOS_Init)
    i.MX_GPIO_Init                           0x08002b48   Section        0  gpio.o(i.MX_GPIO_Init)
    i.MX_I2C1_Init                           0x08002c08   Section        0  i2c.o(i.MX_I2C1_Init)
    i.MX_TIM2_Init                           0x08002c48   Section        0  tim.o(i.MX_TIM2_Init)
    i.MX_TIM3_Init                           0x08002cd8   Section        0  tim.o(i.MX_TIM3_Init)
    i.MX_USART2_UART_Init                    0x08002d30   Section        0  usart.o(i.MX_USART2_UART_Init)
    i.MX_USB_DEVICE_Init                     0x08002d68   Section        0  usb_device.o(i.MX_USB_DEVICE_Init)
    i.MemManage_Handler                      0x08002da0   Section        0  stm32f1xx_it.o(i.MemManage_Handler)
    i.NMI_Handler                            0x08002da2   Section        0  stm32f1xx_it.o(i.NMI_Handler)
    i.NVIC_SetPriority                       0x08002da4   Section        0  stm32f1xx_hal_cortex.o(i.NVIC_SetPriority)
    NVIC_SetPriority                         0x08002da5   Thumb Code    32  stm32f1xx_hal_cortex.o(i.NVIC_SetPriority)
    i.PCD_EP_ISR_Handler                     0x08002dc4   Section        0  stm32f1xx_hal_pcd.o(i.PCD_EP_ISR_Handler)
    PCD_EP_ISR_Handler                       0x08002dc5   Thumb Code   866  stm32f1xx_hal_pcd.o(i.PCD_EP_ISR_Handler)
    i.Read_MPU6050                           0x08003128   Section        0  mpu6050.o(i.Read_MPU6050)
    i.StartMainTask                          0x08003194   Section        0  freertos.o(i.StartMainTask)
    i.SysTick_Handler                        0x080031b4   Section        0  stm32f1xx_it.o(i.SysTick_Handler)
    i.SystemClock_Config                     0x080031b8   Section        0  main.o(i.SystemClock_Config)
    i.SystemInit                             0x08003238   Section        0  system_stm32f1xx.o(i.SystemInit)
    i.TIM3_IRQHandler                        0x08003280   Section        0  stm32f1xx_it.o(i.TIM3_IRQHandler)
    i.TIM4_IRQHandler                        0x0800328c   Section        0  stm32f1xx_it.o(i.TIM4_IRQHandler)
    i.TIM_Base_SetConfig                     0x08003298   Section        0  stm32f1xx_hal_tim.o(i.TIM_Base_SetConfig)
    i.TIM_ETR_SetConfig                      0x080032fc   Section        0  stm32f1xx_hal_tim.o(i.TIM_ETR_SetConfig)
    TIM_ETR_SetConfig                        0x080032fd   Thumb Code    20  stm32f1xx_hal_tim.o(i.TIM_ETR_SetConfig)
    i.TIM_ITRx_SetConfig                     0x08003310   Section        0  stm32f1xx_hal_tim.o(i.TIM_ITRx_SetConfig)
    TIM_ITRx_SetConfig                       0x08003311   Thumb Code    16  stm32f1xx_hal_tim.o(i.TIM_ITRx_SetConfig)
    i.TIM_OC1_SetConfig                      0x08003320   Section        0  stm32f1xx_hal_tim.o(i.TIM_OC1_SetConfig)
    TIM_OC1_SetConfig                        0x08003321   Thumb Code    74  stm32f1xx_hal_tim.o(i.TIM_OC1_SetConfig)
    i.TIM_OC2_SetConfig                      0x08003370   Section        0  stm32f1xx_hal_tim.o(i.TIM_OC2_SetConfig)
    i.TIM_OC3_SetConfig                      0x080033c8   Section        0  stm32f1xx_hal_tim.o(i.TIM_OC3_SetConfig)
    TIM_OC3_SetConfig                        0x080033c9   Thumb Code    82  stm32f1xx_hal_tim.o(i.TIM_OC3_SetConfig)
    i.TIM_OC4_SetConfig                      0x08003420   Section        0  stm32f1xx_hal_tim.o(i.TIM_OC4_SetConfig)
    TIM_OC4_SetConfig                        0x08003421   Thumb Code    64  stm32f1xx_hal_tim.o(i.TIM_OC4_SetConfig)
    i.TIM_TI1_ConfigInputStage               0x08003464   Section        0  stm32f1xx_hal_tim.o(i.TIM_TI1_ConfigInputStage)
    TIM_TI1_ConfigInputStage                 0x08003465   Thumb Code    34  stm32f1xx_hal_tim.o(i.TIM_TI1_ConfigInputStage)
    i.TIM_TI2_ConfigInputStage               0x08003486   Section        0  stm32f1xx_hal_tim.o(i.TIM_TI2_ConfigInputStage)
    TIM_TI2_ConfigInputStage                 0x08003487   Thumb Code    36  stm32f1xx_hal_tim.o(i.TIM_TI2_ConfigInputStage)
    i.UART_SetConfig                         0x080034ac   Section        0  stm32f1xx_hal_uart.o(i.UART_SetConfig)
    UART_SetConfig                           0x080034ad   Thumb Code   364  stm32f1xx_hal_uart.o(i.UART_SetConfig)
    i.USBD_CDC_DataIn                        0x0800361c   Section        0  usbd_cdc.o(i.USBD_CDC_DataIn)
    USBD_CDC_DataIn                          0x0800361d   Thumb Code    20  usbd_cdc.o(i.USBD_CDC_DataIn)
    i.USBD_CDC_DataOut                       0x08003630   Section        0  usbd_cdc.o(i.USBD_CDC_DataOut)
    USBD_CDC_DataOut                         0x08003631   Thumb Code    46  usbd_cdc.o(i.USBD_CDC_DataOut)
    i.USBD_CDC_DeInit                        0x0800365e   Section        0  usbd_cdc.o(i.USBD_CDC_DeInit)
    USBD_CDC_DeInit                          0x0800365f   Thumb Code    60  usbd_cdc.o(i.USBD_CDC_DeInit)
    i.USBD_CDC_EP0_RxReady                   0x0800369a   Section        0  usbd_cdc.o(i.USBD_CDC_EP0_RxReady)
    USBD_CDC_EP0_RxReady                     0x0800369b   Thumb Code    36  usbd_cdc.o(i.USBD_CDC_EP0_RxReady)
    i.USBD_CDC_GetDeviceQualifierDescriptor  0x080036c0   Section        0  usbd_cdc.o(i.USBD_CDC_GetDeviceQualifierDescriptor)
    i.USBD_CDC_GetFSCfgDesc                  0x080036cc   Section        0  usbd_cdc.o(i.USBD_CDC_GetFSCfgDesc)
    USBD_CDC_GetFSCfgDesc                    0x080036cd   Thumb Code     8  usbd_cdc.o(i.USBD_CDC_GetFSCfgDesc)
    i.USBD_CDC_GetHSCfgDesc                  0x080036d8   Section        0  usbd_cdc.o(i.USBD_CDC_GetHSCfgDesc)
    USBD_CDC_GetHSCfgDesc                    0x080036d9   Thumb Code     8  usbd_cdc.o(i.USBD_CDC_GetHSCfgDesc)
    i.USBD_CDC_GetOtherSpeedCfgDesc          0x080036e4   Section        0  usbd_cdc.o(i.USBD_CDC_GetOtherSpeedCfgDesc)
    USBD_CDC_GetOtherSpeedCfgDesc            0x080036e5   Thumb Code     8  usbd_cdc.o(i.USBD_CDC_GetOtherSpeedCfgDesc)
    i.USBD_CDC_Init                          0x080036f0   Section        0  usbd_cdc.o(i.USBD_CDC_Init)
    USBD_CDC_Init                            0x080036f1   Thumb Code   136  usbd_cdc.o(i.USBD_CDC_Init)
    i.USBD_CDC_ReceivePacket                 0x08003778   Section        0  usbd_cdc.o(i.USBD_CDC_ReceivePacket)
    i.USBD_CDC_RegisterInterface             0x080037a0   Section        0  usbd_cdc.o(i.USBD_CDC_RegisterInterface)
    i.USBD_CDC_SetRxBuffer                   0x080037b0   Section        0  usbd_cdc.o(i.USBD_CDC_SetRxBuffer)
    i.USBD_CDC_SetTxBuffer                   0x080037bc   Section        0  usbd_cdc.o(i.USBD_CDC_SetTxBuffer)
    i.USBD_CDC_Setup                         0x080037cc   Section        0  usbd_cdc.o(i.USBD_CDC_Setup)
    USBD_CDC_Setup                           0x080037cd   Thumb Code   106  usbd_cdc.o(i.USBD_CDC_Setup)
    i.USBD_CDC_TransmitPacket                0x0800383c   Section        0  usbd_cdc.o(i.USBD_CDC_TransmitPacket)
    i.USBD_ClrClassConfig                    0x0800386c   Section        0  usbd_core.o(i.USBD_ClrClassConfig)
    i.USBD_CtlContinueRx                     0x0800387a   Section        0  usbd_ioreq.o(i.USBD_CtlContinueRx)
    i.USBD_CtlContinueSendData               0x0800388a   Section        0  usbd_ioreq.o(i.USBD_CtlContinueSendData)
    i.USBD_CtlError                          0x0800389a   Section        0  usbd_ctlreq.o(i.USBD_CtlError)
    i.USBD_CtlPrepareRx                      0x080038b0   Section        0  usbd_ioreq.o(i.USBD_CtlPrepareRx)
    i.USBD_CtlReceiveStatus                  0x080038ce   Section        0  usbd_ioreq.o(i.USBD_CtlReceiveStatus)
    i.USBD_CtlSendData                       0x080038e4   Section        0  usbd_ioreq.o(i.USBD_CtlSendData)
    i.USBD_CtlSendStatus                     0x080038fe   Section        0  usbd_ioreq.o(i.USBD_CtlSendStatus)
    i.USBD_FS_ConfigStrDescriptor            0x08003914   Section        0  usbd_desc.o(i.USBD_FS_ConfigStrDescriptor)
    i.USBD_FS_DeviceDescriptor               0x08003934   Section        0  usbd_desc.o(i.USBD_FS_DeviceDescriptor)
    i.USBD_FS_InterfaceStrDescriptor         0x08003940   Section        0  usbd_desc.o(i.USBD_FS_InterfaceStrDescriptor)
    i.USBD_FS_LangIDStrDescriptor            0x08003964   Section        0  usbd_desc.o(i.USBD_FS_LangIDStrDescriptor)
    i.USBD_FS_ManufacturerStrDescriptor      0x08003970   Section        0  usbd_desc.o(i.USBD_FS_ManufacturerStrDescriptor)
    i.USBD_FS_ProductStrDescriptor           0x08003998   Section        0  usbd_desc.o(i.USBD_FS_ProductStrDescriptor)
    i.USBD_FS_SerialStrDescriptor            0x080039c4   Section        0  usbd_desc.o(i.USBD_FS_SerialStrDescriptor)
    i.USBD_GetDescriptor                     0x080039e8   Section        0  usbd_ctlreq.o(i.USBD_GetDescriptor)
    USBD_GetDescriptor                       0x080039e9   Thumb Code   224  usbd_ctlreq.o(i.USBD_GetDescriptor)
    i.USBD_GetString                         0x08003ac8   Section        0  usbd_ctlreq.o(i.USBD_GetString)
    i.USBD_Init                              0x08003b0e   Section        0  usbd_core.o(i.USBD_Init)
    i.USBD_LL_ClearStallEP                   0x08003b38   Section        0  usbd_conf.o(i.USBD_LL_ClearStallEP)
    i.USBD_LL_CloseEP                        0x08003b58   Section        0  usbd_conf.o(i.USBD_LL_CloseEP)
    i.USBD_LL_DataInStage                    0x08003b78   Section        0  usbd_core.o(i.USBD_LL_DataInStage)
    i.USBD_LL_DataOutStage                   0x08003c22   Section        0  usbd_core.o(i.USBD_LL_DataOutStage)
    i.USBD_LL_GetRxDataSize                  0x08003c8c   Section        0  usbd_conf.o(i.USBD_LL_GetRxDataSize)
    i.USBD_LL_Init                           0x08003c94   Section        0  usbd_conf.o(i.USBD_LL_Init)
    i.USBD_LL_IsStallEP                      0x08003d18   Section        0  usbd_conf.o(i.USBD_LL_IsStallEP)
    i.USBD_LL_OpenEP                         0x08003d34   Section        0  usbd_conf.o(i.USBD_LL_OpenEP)
    i.USBD_LL_PrepareReceive                 0x08003d5a   Section        0  usbd_conf.o(i.USBD_LL_PrepareReceive)
    i.USBD_LL_Reset                          0x08003d7a   Section        0  usbd_core.o(i.USBD_LL_Reset)
    i.USBD_LL_Resume                         0x08003db8   Section        0  usbd_core.o(i.USBD_LL_Resume)
    i.USBD_LL_SOF                            0x08003dc4   Section        0  usbd_core.o(i.USBD_LL_SOF)
    i.USBD_LL_SetSpeed                       0x08003ddc   Section        0  usbd_core.o(i.USBD_LL_SetSpeed)
    i.USBD_LL_SetUSBAddress                  0x08003de2   Section        0  usbd_conf.o(i.USBD_LL_SetUSBAddress)
    i.USBD_LL_SetupStage                     0x08003e02   Section        0  usbd_core.o(i.USBD_LL_SetupStage)
    i.USBD_LL_StallEP                        0x08003e5c   Section        0  usbd_conf.o(i.USBD_LL_StallEP)
    i.USBD_LL_Start                          0x08003e7c   Section        0  usbd_conf.o(i.USBD_LL_Start)
    i.USBD_LL_Suspend                        0x08003e9c   Section        0  usbd_core.o(i.USBD_LL_Suspend)
    i.USBD_LL_Transmit                       0x08003eae   Section        0  usbd_conf.o(i.USBD_LL_Transmit)
    i.USBD_ParseSetupRequest                 0x08003ece   Section        0  usbd_ctlreq.o(i.USBD_ParseSetupRequest)
    i.USBD_RegisterClass                     0x08003ef6   Section        0  usbd_core.o(i.USBD_RegisterClass)
    i.USBD_SetClassConfig                    0x08003f06   Section        0  usbd_core.o(i.USBD_SetClassConfig)
    i.USBD_SetConfig                         0x08003f1c   Section        0  usbd_ctlreq.o(i.USBD_SetConfig)
    USBD_SetConfig                           0x08003f1d   Thumb Code   110  usbd_ctlreq.o(i.USBD_SetConfig)
    i.USBD_Start                             0x08003f90   Section        0  usbd_core.o(i.USBD_Start)
    i.USBD_StdDevReq                         0x08003f9a   Section        0  usbd_ctlreq.o(i.USBD_StdDevReq)
    i.USBD_StdEPReq                          0x0800408c   Section        0  usbd_ctlreq.o(i.USBD_StdEPReq)
    i.USBD_StdItfReq                         0x08004168   Section        0  usbd_ctlreq.o(i.USBD_StdItfReq)
    i.USBD_static_free                       0x0800419c   Section        0  usbd_conf.o(i.USBD_static_free)
    i.USBD_static_malloc                     0x080041a0   Section        0  usbd_conf.o(i.USBD_static_malloc)
    i.USB_ActivateEndpoint                   0x080041a8   Section        0  stm32f1xx_ll_usb.o(i.USB_ActivateEndpoint)
    i.USB_CoreInit                           0x08004404   Section        0  stm32f1xx_ll_usb.o(i.USB_CoreInit)
    i.USB_DeactivateEndpoint                 0x08004408   Section        0  stm32f1xx_ll_usb.o(i.USB_DeactivateEndpoint)
    i.USB_DevConnect                         0x0800452c   Section        0  stm32f1xx_ll_usb.o(i.USB_DevConnect)
    i.USB_DevDisconnect                      0x08004530   Section        0  stm32f1xx_ll_usb.o(i.USB_DevDisconnect)
    i.USB_DevInit                            0x08004534   Section        0  stm32f1xx_ll_usb.o(i.USB_DevInit)
    i.USB_DisableGlobalInt                   0x08004546   Section        0  stm32f1xx_ll_usb.o(i.USB_DisableGlobalInt)
    i.USB_EP0_OutStart                       0x08004554   Section        0  stm32f1xx_ll_usb.o(i.USB_EP0_OutStart)
    i.USB_EPClearStall                       0x08004558   Section        0  stm32f1xx_ll_usb.o(i.USB_EPClearStall)
    i.USB_EPSetStall                         0x080045c2   Section        0  stm32f1xx_ll_usb.o(i.USB_EPSetStall)
    i.USB_EPStartXfer                        0x0800460c   Section        0  stm32f1xx_ll_usb.o(i.USB_EPStartXfer)
    i.USB_EnableGlobalInt                    0x080047b6   Section        0  stm32f1xx_ll_usb.o(i.USB_EnableGlobalInt)
    i.USB_LP_CAN1_RX0_IRQHandler             0x080047c4   Section        0  stm32f1xx_it.o(i.USB_LP_CAN1_RX0_IRQHandler)
    i.USB_ReadInterrupts                     0x080047d0   Section        0  stm32f1xx_ll_usb.o(i.USB_ReadInterrupts)
    i.USB_ReadPMA                            0x080047d8   Section        0  stm32f1xx_ll_usb.o(i.USB_ReadPMA)
    i.USB_SetCurrentMode                     0x080047f6   Section        0  stm32f1xx_ll_usb.o(i.USB_SetCurrentMode)
    i.USB_SetDevAddress                      0x080047fa   Section        0  stm32f1xx_ll_usb.o(i.USB_SetDevAddress)
    i.USB_WritePMA                           0x08004806   Section        0  stm32f1xx_ll_usb.o(i.USB_WritePMA)
    i.UsageFault_Handler                     0x0800482c   Section        0  stm32f1xx_it.o(i.UsageFault_Handler)
    i.__scatterload_copy                     0x0800482e   Section       14  handlers.o(i.__scatterload_copy)
    i.__scatterload_null                     0x0800483c   Section        2  handlers.o(i.__scatterload_null)
    i.__scatterload_zeroinit                 0x0800483e   Section       14  handlers.o(i.__scatterload_zeroinit)
    i.main                                   0x0800484c   Section        0  main.o(i.main)
    i.makeFreeRtosPriority                   0x08004884   Section        0  cmsis_os.o(i.makeFreeRtosPriority)
    makeFreeRtosPriority                     0x08004885   Thumb Code    12  cmsis_os.o(i.makeFreeRtosPriority)
    i.osDelay                                0x08004890   Section        0  cmsis_os.o(i.osDelay)
    i.osKernelStart                          0x0800489e   Section        0  cmsis_os.o(i.osKernelStart)
    i.osSystickHandler                       0x080048a8   Section        0  cmsis_os.o(i.osSystickHandler)
    i.osThreadCreate                         0x080048bc   Section        0  cmsis_os.o(i.osThreadCreate)
    i.prvAddCurrentTaskToDelayedList         0x080048f4   Section        0  tasks.o(i.prvAddCurrentTaskToDelayedList)
    prvAddCurrentTaskToDelayedList           0x080048f5   Thumb Code    48  tasks.o(i.prvAddCurrentTaskToDelayedList)
    i.prvCheckTasksWaitingTermination        0x08004928   Section        0  tasks.o(i.prvCheckTasksWaitingTermination)
    prvCheckTasksWaitingTermination          0x08004929   Thumb Code    76  tasks.o(i.prvCheckTasksWaitingTermination)
    i.prvHeapInit                            0x0800497c   Section        0  heap_4.o(i.prvHeapInit)
    prvHeapInit                              0x0800497d   Thumb Code    66  heap_4.o(i.prvHeapInit)
    i.prvIdleTask                            0x080049c8   Section        0  tasks.o(i.prvIdleTask)
    prvIdleTask                              0x080049c9   Thumb Code    20  tasks.o(i.prvIdleTask)
    i.prvInsertBlockIntoFreeList             0x080049e0   Section        0  heap_4.o(i.prvInsertBlockIntoFreeList)
    prvInsertBlockIntoFreeList               0x080049e1   Thumb Code    72  heap_4.o(i.prvInsertBlockIntoFreeList)
    i.prvResetNextTaskUnblockTime            0x08004a2c   Section        0  tasks.o(i.prvResetNextTaskUnblockTime)
    prvResetNextTaskUnblockTime              0x08004a2d   Thumb Code    26  tasks.o(i.prvResetNextTaskUnblockTime)
    i.prvTaskExitError                       0x08004a4c   Section        0  port.o(i.prvTaskExitError)
    prvTaskExitError                         0x08004a4d   Thumb Code    20  port.o(i.prvTaskExitError)
    i.pvPortMalloc                           0x08004a64   Section        0  heap_4.o(i.pvPortMalloc)
    i.pxPortInitialiseStack                  0x08004b20   Section        0  port.o(i.pxPortInitialiseStack)
    i.uxListRemove                           0x08004b40   Section        0  list.o(i.uxListRemove)
    i.vListInitialise                        0x08004b64   Section        0  list.o(i.vListInitialise)
    i.vListInitialiseItem                    0x08004b7a   Section        0  list.o(i.vListInitialiseItem)
    i.vListInsert                            0x08004b80   Section        0  list.o(i.vListInsert)
    i.vListInsertEnd                         0x08004bb0   Section        0  list.o(i.vListInsertEnd)
    i.vPortEnterCritical                     0x08004bc8   Section        0  port.o(i.vPortEnterCritical)
    i.vPortExitCritical                      0x08004c00   Section        0  port.o(i.vPortExitCritical)
    i.vPortFree                              0x08004c24   Section        0  heap_4.o(i.vPortFree)
    i.vPortSetupTimerInterrupt               0x08004c6c   Section        0  port.o(i.vPortSetupTimerInterrupt)
    i.vPortYield                             0x08004c8c   Section        0  port.o(i.vPortYield)
    i.vTaskDelay                             0x08004ca4   Section        0  tasks.o(i.vTaskDelay)
    i.vTaskStartScheduler                    0x08004cf4   Section        0  tasks.o(i.vTaskStartScheduler)
    i.vTaskSuspendAll                        0x08004d48   Section        0  tasks.o(i.vTaskSuspendAll)
    i.vTaskSwitchContext                     0x08004d58   Section        0  tasks.o(i.vTaskSwitchContext)
    i.xPortStartScheduler                    0x08004dac   Section        0  port.o(i.xPortStartScheduler)
    i.xPortSysTickHandler                    0x08004e20   Section        0  port.o(i.xPortSysTickHandler)
    i.xTaskGenericCreate                     0x08004e44   Section        0  tasks.o(i.xTaskGenericCreate)
    i.xTaskGetSchedulerState                 0x08004fd0   Section        0  tasks.o(i.xTaskGetSchedulerState)
    i.xTaskIncrementTick                     0x08004fec   Section        0  tasks.o(i.xTaskIncrementTick)
    i.xTaskResumeAll                         0x080050ac   Section        0  tasks.o(i.xTaskResumeAll)
    .constdata                               0x08005158   Section       16  system_stm32f1xx.o(.constdata)
    .constdata                               0x08005168   Section        8  system_stm32f1xx.o(.constdata)
    .constdata                               0x08005170   Section       20  freertos.o(.constdata)
    .conststring                             0x08005184   Section        9  freertos.o(.conststring)
    .data                                    0x20000000   Section        4  stm32f1xx_hal.o(.data)
    uwTick                                   0x20000000   Data           4  stm32f1xx_hal.o(.data)
    .data                                    0x20000004   Section      219  usbd_cdc.o(.data)
    ifalt                                    0x20000004   Data           1  usbd_cdc.o(.data)
    USBD_CDC_DeviceQualifierDesc             0x20000008   Data          10  usbd_cdc.o(.data)
    .data                                    0x200000e0   Section       56  usbd_cdc.o(.data)
    .data                                    0x20000118   Section        1  usbd_ctlreq.o(.data)
    cfgidx                                   0x20000118   Data           1  usbd_ctlreq.o(.data)
    .data                                    0x2000011c   Section        4  system_stm32f1xx.o(.data)
    .data                                    0x20000120   Section       56  tasks.o(.data)
    uxTasksDeleted                           0x20000124   Data           4  tasks.o(.data)
    uxCurrentNumberOfTasks                   0x20000128   Data           4  tasks.o(.data)
    xTickCount                               0x2000012c   Data           4  tasks.o(.data)
    uxTopReadyPriority                       0x20000130   Data           4  tasks.o(.data)
    xSchedulerRunning                        0x20000134   Data           4  tasks.o(.data)
    uxPendedTicks                            0x20000138   Data           4  tasks.o(.data)
    xYieldPending                            0x2000013c   Data           4  tasks.o(.data)
    xNumOfOverflows                          0x20000140   Data           4  tasks.o(.data)
    uxTaskNumber                             0x20000144   Data           4  tasks.o(.data)
    xNextTaskUnblockTime                     0x20000148   Data           4  tasks.o(.data)
    uxSchedulerSuspended                     0x2000014c   Data           4  tasks.o(.data)
    pxDelayedTaskList                        0x20000150   Data           4  tasks.o(.data)
    pxOverflowDelayedTaskList                0x20000154   Data           4  tasks.o(.data)
    .data                                    0x20000158   Section       24  heap_4.o(.data)
    pxEnd                                    0x20000158   Data           4  heap_4.o(.data)
    xFreeBytesRemaining                      0x2000015c   Data           4  heap_4.o(.data)
    xMinimumEverFreeBytesRemaining           0x20000160   Data           4  heap_4.o(.data)
    xBlockAllocatedBit                       0x20000164   Data           4  heap_4.o(.data)
    xStart                                   0x20000168   Data           8  heap_4.o(.data)
    .data                                    0x20000170   Section       12  port.o(.data)
    ucMaxSysCallPriority                     0x20000170   Data           1  port.o(.data)
    uxCriticalNesting                        0x20000174   Data           4  port.o(.data)
    ulMaxPRIGROUPValue                       0x20000178   Data           4  port.o(.data)
    .data                                    0x2000017c   Section        4  freertos.o(.data)
    .data                                    0x20000180   Section       28  usbd_desc.o(.data)
    .data                                    0x2000019c   Section       22  usbd_desc.o(.data)
    .data                                    0x200001b4   Section       16  usbd_cdc_if.o(.data)
    .data                                    0x200001c4   Section        8  usbd_cdc_if.o(.data)
    .bss                                     0x200001cc   Section      240  tasks.o(.bss)
    pxReadyTasksLists                        0x200001cc   Data         140  tasks.o(.bss)
    xDelayedTaskList1                        0x20000258   Data          20  tasks.o(.bss)
    xDelayedTaskList2                        0x2000026c   Data          20  tasks.o(.bss)
    xPendingReadyList                        0x20000280   Data          20  tasks.o(.bss)
    xTasksWaitingTermination                 0x20000294   Data          20  tasks.o(.bss)
    xSuspendedTaskList                       0x200002a8   Data          20  tasks.o(.bss)
    .bss                                     0x200002bc   Section     3072  heap_4.o(.bss)
    ucHeap                                   0x200002bc   Data        3072  heap_4.o(.bss)
    .bss                                     0x20000ebc   Section     1600  usbd_conf.o(.bss)
    mem                                      0x20000ebc   Data         544  usbd_conf.o(.bss)
    .bss                                     0x200014fc   Section      512  usbd_desc.o(.bss)
    .bss                                     0x200016fc   Section      548  usb_device.o(.bss)
    .bss                                     0x20001920   Section       60  stm32f1xx_hal_timebase_tim.o(.bss)
    .bss                                     0x2000195c   Section      120  tim.o(.bss)
    .bss                                     0x200019d4   Section       60  i2c.o(.bss)
    .bss                                     0x20001a10   Section       64  usart.o(.bss)
    .bss                                     0x20001a50   Section      104  adc.o(.bss)
    .bss                                     0x20001ab8   Section       12  mpu6050.o(.bss)
    STACK                                    0x20001ac8   Section     1024  startup_stm32f103xb.o(STACK)

    Global Symbols

    Symbol Name                              Value     Ov Type        Size  Object(Section)

    BuildAttributes$$THM_ISAv4$P$D$K$B$S$PE$A:L22UL41UL21$X:L11$S22US41US21$IEEE1$IW$USESV6$~STKCKD$USESV7$~SHL$OTIME$ROPI$IEEEX$EBA8$MICROLIB$REQ8$PRES8$EABIv2 0x00000000   Number         0  anon$$obj.o ABSOLUTE
    __ARM_use_no_argv                        0x00000000   Number         0  main.o ABSOLUTE
    __cpp_initialize__aeabi_                  - Undefined Weak Reference
    __cxa_finalize                            - Undefined Weak Reference
    _clock_init                               - Undefined Weak Reference
    _microlib_exit                            - Undefined Weak Reference
    __Vectors_Size                           0x000000ec   Number         0  startup_stm32f103xb.o ABSOLUTE
    __Vectors                                0x08000000   Data           4  startup_stm32f103xb.o(RESET)
    __Vectors_End                            0x080000ec   Data           0  startup_stm32f103xb.o(RESET)
    __main                                   0x080000ed   Thumb Code     0  entry.o(.ARM.Collect$$$$00000000)
    _main_stk                                0x080000ed   Thumb Code     0  entry2.o(.ARM.Collect$$$$00000001)
    _main_scatterload                        0x080000f1   Thumb Code     0  entry5.o(.ARM.Collect$$$$00000004)
    __main_after_scatterload                 0x080000f5   Thumb Code     0  entry5.o(.ARM.Collect$$$$00000004)
    _main_clock                              0x080000f5   Thumb Code     0  entry7b.o(.ARM.Collect$$$$00000008)
    _main_cpp_init                           0x080000f5   Thumb Code     0  entry8b.o(.ARM.Collect$$$$0000000A)
    _main_init                               0x080000f5   Thumb Code     0  entry9a.o(.ARM.Collect$$$$0000000B)
    __rt_final_cpp                           0x080000fd   Thumb Code     0  entry10a.o(.ARM.Collect$$$$0000000D)
    __rt_final_exit                          0x080000fd   Thumb Code     0  entry11a.o(.ARM.Collect$$$$0000000F)
    SVC_Handler                              0x08000101   Thumb Code    32  port.o(.emb_text)
    __asm___6_port_c_39a90d8d__prvStartFirstTask 0x08000125   Thumb Code    28  port.o(.emb_text)
    PendSV_Handler                           0x08000145   Thumb Code    64  port.o(.emb_text)
    ulPortSetInterruptMask                   0x08000189   Thumb Code    14  port.o(.emb_text)
    vPortClearInterruptMask                  0x08000197   Thumb Code     6  port.o(.emb_text)
    vPortGetIPSR                             0x0800019d   Thumb Code     6  port.o(.emb_text)
    Reset_Handler                            0x080001a5   Thumb Code     8  startup_stm32f103xb.o(.text)
    ADC1_2_IRQHandler                        0x080001bf   Thumb Code     0  startup_stm32f103xb.o(.text)
    CAN1_RX1_IRQHandler                      0x080001bf   Thumb Code     0  startup_stm32f103xb.o(.text)
    CAN1_SCE_IRQHandler                      0x080001bf   Thumb Code     0  startup_stm32f103xb.o(.text)
    DMA1_Channel2_IRQHandler                 0x080001bf   Thumb Code     0  startup_stm32f103xb.o(.text)
    DMA1_Channel3_IRQHandler                 0x080001bf   Thumb Code     0  startup_stm32f103xb.o(.text)
    DMA1_Channel4_IRQHandler                 0x080001bf   Thumb Code     0  startup_stm32f103xb.o(.text)
    DMA1_Channel5_IRQHandler                 0x080001bf   Thumb Code     0  startup_stm32f103xb.o(.text)
    DMA1_Channel6_IRQHandler                 0x080001bf   Thumb Code     0  startup_stm32f103xb.o(.text)
    DMA1_Channel7_IRQHandler                 0x080001bf   Thumb Code     0  startup_stm32f103xb.o(.text)
    EXTI0_IRQHandler                         0x080001bf   Thumb Code     0  startup_stm32f103xb.o(.text)
    EXTI15_10_IRQHandler                     0x080001bf   Thumb Code     0  startup_stm32f103xb.o(.text)
    EXTI1_IRQHandler                         0x080001bf   Thumb Code     0  startup_stm32f103xb.o(.text)
    EXTI2_IRQHandler                         0x080001bf   Thumb Code     0  startup_stm32f103xb.o(.text)
    EXTI3_IRQHandler                         0x080001bf   Thumb Code     0  startup_stm32f103xb.o(.text)
    EXTI4_IRQHandler                         0x080001bf   Thumb Code     0  startup_stm32f103xb.o(.text)
    EXTI9_5_IRQHandler                       0x080001bf   Thumb Code     0  startup_stm32f103xb.o(.text)
    FLASH_IRQHandler                         0x080001bf   Thumb Code     0  startup_stm32f103xb.o(.text)
    I2C1_ER_IRQHandler                       0x080001bf   Thumb Code     0  startup_stm32f103xb.o(.text)
    I2C1_EV_IRQHandler                       0x080001bf   Thumb Code     0  startup_stm32f103xb.o(.text)
    I2C2_ER_IRQHandler                       0x080001bf   Thumb Code     0  startup_stm32f103xb.o(.text)
    I2C2_EV_IRQHandler                       0x080001bf   Thumb Code     0  startup_stm32f103xb.o(.text)
    PVD_IRQHandler                           0x080001bf   Thumb Code     0  startup_stm32f103xb.o(.text)
    RCC_IRQHandler                           0x080001bf   Thumb Code     0  startup_stm32f103xb.o(.text)
    RTC_Alarm_IRQHandler                     0x080001bf   Thumb Code     0  startup_stm32f103xb.o(.text)
    RTC_IRQHandler                           0x080001bf   Thumb Code     0  startup_stm32f103xb.o(.text)
    SPI1_IRQHandler                          0x080001bf   Thumb Code     0  startup_stm32f103xb.o(.text)
    SPI2_IRQHandler                          0x080001bf   Thumb Code     0  startup_stm32f103xb.o(.text)
    TAMPER_IRQHandler                        0x080001bf   Thumb Code     0  startup_stm32f103xb.o(.text)
    TIM1_BRK_IRQHandler                      0x080001bf   Thumb Code     0  startup_stm32f103xb.o(.text)
    TIM1_CC_IRQHandler                       0x080001bf   Thumb Code     0  startup_stm32f103xb.o(.text)
    TIM1_TRG_COM_IRQHandler                  0x080001bf   Thumb Code     0  startup_stm32f103xb.o(.text)
    TIM1_UP_IRQHandler                       0x080001bf   Thumb Code     0  startup_stm32f103xb.o(.text)
    TIM2_IRQHandler                          0x080001bf   Thumb Code     0  startup_stm32f103xb.o(.text)
    USART1_IRQHandler                        0x080001bf   Thumb Code     0  startup_stm32f103xb.o(.text)
    USART2_IRQHandler                        0x080001bf   Thumb Code     0  startup_stm32f103xb.o(.text)
    USART3_IRQHandler                        0x080001bf   Thumb Code     0  startup_stm32f103xb.o(.text)
    USBWakeUp_IRQHandler                     0x080001bf   Thumb Code     0  startup_stm32f103xb.o(.text)
    USB_HP_CAN1_TX_IRQHandler                0x080001bf   Thumb Code     0  startup_stm32f103xb.o(.text)
    WWDG_IRQHandler                          0x080001bf   Thumb Code     0  startup_stm32f103xb.o(.text)
    __aeabi_memcpy                           0x080001c9   Thumb Code    36  memcpya.o(.text)
    __aeabi_memcpy4                          0x080001c9   Thumb Code     0  memcpya.o(.text)
    __aeabi_memcpy8                          0x080001c9   Thumb Code     0  memcpya.o(.text)
    __aeabi_memset                           0x080001ed   Thumb Code    14  memseta.o(.text)
    __aeabi_memset4                          0x080001ed   Thumb Code     0  memseta.o(.text)
    __aeabi_memset8                          0x080001ed   Thumb Code     0  memseta.o(.text)
    __aeabi_memclr                           0x080001fb   Thumb Code     4  memseta.o(.text)
    __aeabi_memclr4                          0x080001fb   Thumb Code     0  memseta.o(.text)
    __aeabi_memclr8                          0x080001fb   Thumb Code     0  memseta.o(.text)
    _memset$wrapper                          0x080001ff   Thumb Code    18  memseta.o(.text)
    __scatterload                            0x08000211   Thumb Code    28  init.o(.text)
    __scatterload_rt2                        0x08000211   Thumb Code     0  init.o(.text)
    __decompress                             0x08000235   Thumb Code     0  __dczerorl2.o(.text)
    __decompress1                            0x08000235   Thumb Code    86  __dczerorl2.o(.text)
    ADC_ConversionStop_Disable               0x0800028d   Thumb Code    76  stm32f1xx_hal_adc.o(i.ADC_ConversionStop_Disable)
    ADC_Enable                               0x080002d9   Thumb Code   104  stm32f1xx_hal_adc.o(i.ADC_Enable)
    BusFault_Handler                         0x08000349   Thumb Code     2  stm32f1xx_it.o(i.BusFault_Handler)
    CDC_Transmit_FS                          0x08000391   Thumb Code    38  usbd_cdc_if.o(i.CDC_Transmit_FS)
    DMA1_Channel1_IRQHandler                 0x080003bd   Thumb Code     6  stm32f1xx_it.o(i.DMA1_Channel1_IRQHandler)
    DebugMon_Handler                         0x080003c9   Thumb Code     2  stm32f1xx_it.o(i.DebugMon_Handler)
    Error_Handler                            0x080003cb   Thumb Code     2  main.o(i.Error_Handler)
    HAL_ADCEx_Calibration_Start              0x080003cd   Thumb Code   194  stm32f1xx_hal_adc_ex.o(i.HAL_ADCEx_Calibration_Start)
    HAL_ADC_ConfigChannel                    0x08000495   Thumb Code   346  stm32f1xx_hal_adc.o(i.HAL_ADC_ConfigChannel)
    HAL_ADC_Init                             0x080005fd   Thumb Code   300  stm32f1xx_hal_adc.o(i.HAL_ADC_Init)
    HAL_ADC_MspInit                          0x08000731   Thumb Code    98  adc.o(i.HAL_ADC_MspInit)
    HAL_DMA_IRQHandler                       0x080007a9   Thumb Code   616  stm32f1xx_hal_dma.o(i.HAL_DMA_IRQHandler)
    HAL_DMA_Init                             0x08000a15   Thumb Code    80  stm32f1xx_hal_dma.o(i.HAL_DMA_Init)
    HAL_Delay                                0x08000a65   Thumb Code    22  stm32f1xx_hal.o(i.HAL_Delay)
    HAL_GPIO_Init                            0x08000a7d   Thumb Code   408  stm32f1xx_hal_gpio.o(i.HAL_GPIO_Init)
    HAL_GPIO_WritePin                        0x08000c39   Thumb Code    10  stm32f1xx_hal_gpio.o(i.HAL_GPIO_WritePin)
    HAL_GetTick                              0x08000c45   Thumb Code     6  stm32f1xx_hal.o(i.HAL_GetTick)
    HAL_I2C_Init                             0x08000c51   Thumb Code   216  stm32f1xx_hal_i2c.o(i.HAL_I2C_Init)
    HAL_I2C_Mem_Read                         0x08000d31   Thumb Code   462  stm32f1xx_hal_i2c.o(i.HAL_I2C_Mem_Read)
    HAL_I2C_Mem_Write                        0x08000f09   Thumb Code   242  stm32f1xx_hal_i2c.o(i.HAL_I2C_Mem_Write)
    HAL_I2C_MspInit                          0x08001001   Thumb Code    54  i2c.o(i.HAL_I2C_MspInit)
    HAL_IncTick                              0x08001045   Thumb Code    10  stm32f1xx_hal.o(i.HAL_IncTick)
    HAL_Init                                 0x08001055   Thumb Code    32  stm32f1xx_hal.o(i.HAL_Init)
    HAL_InitTick                             0x08001079   Thumb Code   100  stm32f1xx_hal_timebase_tim.o(i.HAL_InitTick)
    HAL_MspInit                              0x080010ed   Thumb Code   118  stm32f1xx_hal_msp.o(i.HAL_MspInit)
    HAL_NVIC_EnableIRQ                       0x0800116d   Thumb Code    22  stm32f1xx_hal_cortex.o(i.HAL_NVIC_EnableIRQ)
    HAL_NVIC_SetPriority                     0x08001185   Thumb Code    60  stm32f1xx_hal_cortex.o(i.HAL_NVIC_SetPriority)
    HAL_NVIC_SetPriorityGrouping             0x080011c5   Thumb Code    26  stm32f1xx_hal_cortex.o(i.HAL_NVIC_SetPriorityGrouping)
    HAL_PCDEx_PMAConfig                      0x080011e9   Thumb Code    52  stm32f1xx_hal_pcd_ex.o(i.HAL_PCDEx_PMAConfig)
    HAL_PCDEx_SetConnectionState             0x0800121d   Thumb Code     2  usbd_conf.o(i.HAL_PCDEx_SetConnectionState)
    HAL_PCD_DataInStageCallback              0x0800121f   Thumb Code    14  usbd_conf.o(i.HAL_PCD_DataInStageCallback)
    HAL_PCD_DataOutStageCallback             0x0800122d   Thumb Code    16  usbd_conf.o(i.HAL_PCD_DataOutStageCallback)
    HAL_PCD_EP_Close                         0x0800123d   Thumb Code    64  stm32f1xx_hal_pcd.o(i.HAL_PCD_EP_Close)
    HAL_PCD_EP_ClrStall                      0x0800127d   Thumb Code    72  stm32f1xx_hal_pcd.o(i.HAL_PCD_EP_ClrStall)
    HAL_PCD_EP_GetRxCount                    0x080012c5   Thumb Code    16  stm32f1xx_hal_pcd.o(i.HAL_PCD_EP_GetRxCount)
    HAL_PCD_EP_Open                          0x080012d5   Thumb Code    68  stm32f1xx_hal_pcd.o(i.HAL_PCD_EP_Open)
    HAL_PCD_EP_Receive                       0x08001319   Thumb Code    64  stm32f1xx_hal_pcd.o(i.HAL_PCD_EP_Receive)
    HAL_PCD_EP_SetStall                      0x08001359   Thumb Code    86  stm32f1xx_hal_pcd.o(i.HAL_PCD_EP_SetStall)
    HAL_PCD_EP_Transmit                      0x080013af   Thumb Code    62  stm32f1xx_hal_pcd.o(i.HAL_PCD_EP_Transmit)
    HAL_PCD_IRQHandler                       0x080013ed   Thumb Code   266  stm32f1xx_hal_pcd.o(i.HAL_PCD_IRQHandler)
    HAL_PCD_Init                             0x080014f9   Thumb Code   192  stm32f1xx_hal_pcd.o(i.HAL_PCD_Init)
    HAL_PCD_MspInit                          0x080015b9   Thumb Code    50  usbd_conf.o(i.HAL_PCD_MspInit)
    HAL_PCD_ResetCallback                    0x080015f5   Thumb Code    26  usbd_conf.o(i.HAL_PCD_ResetCallback)
    HAL_PCD_ResumeCallback                   0x0800160f   Thumb Code     8  usbd_conf.o(i.HAL_PCD_ResumeCallback)
    HAL_PCD_SOFCallback                      0x08001617   Thumb Code     8  usbd_conf.o(i.HAL_PCD_SOFCallback)
    HAL_PCD_SetAddress                       0x0800161f   Thumb Code    40  stm32f1xx_hal_pcd.o(i.HAL_PCD_SetAddress)
    HAL_PCD_SetupStageCallback               0x08001647   Thumb Code    14  usbd_conf.o(i.HAL_PCD_SetupStageCallback)
    HAL_PCD_Start                            0x08001655   Thumb Code    50  stm32f1xx_hal_pcd.o(i.HAL_PCD_Start)
    HAL_PCD_SuspendCallback                  0x08001689   Thumb Code    30  usbd_conf.o(i.HAL_PCD_SuspendCallback)
    HAL_RCCEx_GetPeriphCLKFreq               0x080016ad   Thumb Code   208  stm32f1xx_hal_rcc_ex.o(i.HAL_RCCEx_GetPeriphCLKFreq)
    HAL_RCCEx_PeriphCLKConfig                0x0800179d   Thumb Code   288  stm32f1xx_hal_rcc_ex.o(i.HAL_RCCEx_PeriphCLKConfig)
    HAL_RCC_ClockConfig                      0x080018c9   Thumb Code   374  stm32f1xx_hal_rcc.o(i.HAL_RCC_ClockConfig)
    HAL_RCC_GetClockConfig                   0x08001a51   Thumb Code    54  stm32f1xx_hal_rcc.o(i.HAL_RCC_GetClockConfig)
    HAL_RCC_GetHCLKFreq                      0x08001a91   Thumb Code     6  stm32f1xx_hal_rcc.o(i.HAL_RCC_GetHCLKFreq)
    HAL_RCC_GetPCLK1Freq                     0x08001a9d   Thumb Code    34  stm32f1xx_hal_rcc.o(i.HAL_RCC_GetPCLK1Freq)
    HAL_RCC_GetPCLK2Freq                     0x08001acd   Thumb Code    34  stm32f1xx_hal_rcc.o(i.HAL_RCC_GetPCLK2Freq)
    HAL_RCC_GetSysClockFreq                  0x08001afd   Thumb Code   102  stm32f1xx_hal_rcc.o(i.HAL_RCC_GetSysClockFreq)
    HAL_RCC_OscConfig                        0x08001b85   Thumb Code  1406  stm32f1xx_hal_rcc.o(i.HAL_RCC_OscConfig)
    HAL_SYSTICK_CLKSourceConfig              0x08002103   Thumb Code    24  stm32f1xx_hal_cortex.o(i.HAL_SYSTICK_CLKSourceConfig)
    HAL_SYSTICK_Config                       0x0800211b   Thumb Code    40  stm32f1xx_hal_cortex.o(i.HAL_SYSTICK_Config)
    HAL_TIMEx_BreakCallback                  0x08002143   Thumb Code     2  stm32f1xx_hal_tim_ex.o(i.HAL_TIMEx_BreakCallback)
    HAL_TIMEx_CommutationCallback            0x08002145   Thumb Code     2  stm32f1xx_hal_tim_ex.o(i.HAL_TIMEx_CommutationCallback)
    HAL_TIMEx_MasterConfigSynchronization    0x08002147   Thumb Code    80  stm32f1xx_hal_tim_ex.o(i.HAL_TIMEx_MasterConfigSynchronization)
    HAL_TIM_Base_Init                        0x08002197   Thumb Code    54  stm32f1xx_hal_tim.o(i.HAL_TIM_Base_Init)
    HAL_TIM_Base_MspInit                     0x080021cd   Thumb Code    50  tim.o(i.HAL_TIM_Base_MspInit)
    HAL_TIM_Base_Start_IT                    0x08002209   Thumb Code    24  stm32f1xx_hal_tim.o(i.HAL_TIM_Base_Start_IT)
    HAL_TIM_ConfigClockSource                0x08002221   Thumb Code   242  stm32f1xx_hal_tim.o(i.HAL_TIM_ConfigClockSource)
    HAL_TIM_IC_CaptureCallback               0x08002313   Thumb Code     2  stm32f1xx_hal_tim.o(i.HAL_TIM_IC_CaptureCallback)
    HAL_TIM_IRQHandler                       0x08002315   Thumb Code   358  stm32f1xx_hal_tim.o(i.HAL_TIM_IRQHandler)
    HAL_TIM_MspPostInit                      0x0800247d   Thumb Code    62  tim.o(i.HAL_TIM_MspPostInit)
    HAL_TIM_OC_DelayElapsedCallback          0x080024c9   Thumb Code     2  stm32f1xx_hal_tim.o(i.HAL_TIM_OC_DelayElapsedCallback)
    HAL_TIM_PWM_ConfigChannel                0x080024cb   Thumb Code   208  stm32f1xx_hal_tim.o(i.HAL_TIM_PWM_ConfigChannel)
    HAL_TIM_PWM_Init                         0x0800259b   Thumb Code    54  stm32f1xx_hal_tim.o(i.HAL_TIM_PWM_Init)
    HAL_TIM_PWM_MspInit                      0x080025d1   Thumb Code    30  tim.o(i.HAL_TIM_PWM_MspInit)
    HAL_TIM_PWM_PulseFinishedCallback        0x080025f5   Thumb Code     2  stm32f1xx_hal_tim.o(i.HAL_TIM_PWM_PulseFinishedCallback)
    HAL_TIM_PeriodElapsedCallback            0x080025f9   Thumb Code    14  main.o(i.HAL_TIM_PeriodElapsedCallback)
    HAL_TIM_TriggerCallback                  0x0800260d   Thumb Code     2  stm32f1xx_hal_tim.o(i.HAL_TIM_TriggerCallback)
    HAL_UART_Init                            0x0800260f   Thumb Code    94  stm32f1xx_hal_uart.o(i.HAL_UART_Init)
    HAL_UART_MspInit                         0x0800266d   Thumb Code    74  usart.o(i.HAL_UART_MspInit)
    HardFault_Handler                        0x080026c5   Thumb Code     2  stm32f1xx_it.o(i.HardFault_Handler)
    I2C_WriteByte                            0x08002a35   Thumb Code    28  i2c.o(i.I2C_WriteByte)
    MPU6050_Init                             0x08002a55   Thumb Code    82  mpu6050.o(i.MPU6050_Init)
    MX_ADC1_Init                             0x08002aa9   Thumb Code    66  adc.o(i.MX_ADC1_Init)
    MX_DMA_Init                              0x08002af5   Thumb Code    40  dma.o(i.MX_DMA_Init)
    MX_FREERTOS_Init                         0x08002b21   Thumb Code    30  freertos.o(i.MX_FREERTOS_Init)
    MX_GPIO_Init                             0x08002b49   Thumb Code   174  gpio.o(i.MX_GPIO_Init)
    MX_I2C1_Init                             0x08002c09   Thumb Code    50  i2c.o(i.MX_I2C1_Init)
    MX_TIM2_Init                             0x08002c49   Thumb Code   140  tim.o(i.MX_TIM2_Init)
    MX_TIM3_Init                             0x08002cd9   Thumb Code    80  tim.o(i.MX_TIM3_Init)
    MX_USART2_UART_Init                      0x08002d31   Thumb Code    48  usart.o(i.MX_USART2_UART_Init)
    MX_USB_DEVICE_Init                       0x08002d69   Thumb Code    38  usb_device.o(i.MX_USB_DEVICE_Init)
    MemManage_Handler                        0x08002da1   Thumb Code     2  stm32f1xx_it.o(i.MemManage_Handler)
    NMI_Handler                              0x08002da3   Thumb Code     2  stm32f1xx_it.o(i.NMI_Handler)
    Read_MPU6050                             0x08003129   Thumb Code   100  mpu6050.o(i.Read_MPU6050)
    StartMainTask                            0x08003195   Thumb Code    32  freertos.o(i.StartMainTask)
    SysTick_Handler                          0x080031b5   Thumb Code     4  stm32f1xx_it.o(i.SysTick_Handler)
    SystemClock_Config                       0x080031b9   Thumb Code   126  main.o(i.SystemClock_Config)
    SystemInit                               0x08003239   Thumb Code    56  system_stm32f1xx.o(i.SystemInit)
    TIM3_IRQHandler                          0x08003281   Thumb Code     6  stm32f1xx_it.o(i.TIM3_IRQHandler)
    TIM4_IRQHandler                          0x0800328d   Thumb Code     6  stm32f1xx_it.o(i.TIM4_IRQHandler)
    TIM_Base_SetConfig                       0x08003299   Thumb Code    86  stm32f1xx_hal_tim.o(i.TIM_Base_SetConfig)
    TIM_OC2_SetConfig                        0x08003371   Thumb Code    84  stm32f1xx_hal_tim.o(i.TIM_OC2_SetConfig)
    USBD_CDC_GetDeviceQualifierDescriptor    0x080036c1   Thumb Code     8  usbd_cdc.o(i.USBD_CDC_GetDeviceQualifierDescriptor)
    USBD_CDC_ReceivePacket                   0x08003779   Thumb Code    40  usbd_cdc.o(i.USBD_CDC_ReceivePacket)
    USBD_CDC_RegisterInterface               0x080037a1   Thumb Code    16  usbd_cdc.o(i.USBD_CDC_RegisterInterface)
    USBD_CDC_SetRxBuffer                     0x080037b1   Thumb Code    12  usbd_cdc.o(i.USBD_CDC_SetRxBuffer)
    USBD_CDC_SetTxBuffer                     0x080037bd   Thumb Code    16  usbd_cdc.o(i.USBD_CDC_SetTxBuffer)
    USBD_CDC_TransmitPacket                  0x0800383d   Thumb Code    48  usbd_cdc.o(i.USBD_CDC_TransmitPacket)
    USBD_ClrClassConfig                      0x0800386d   Thumb Code    14  usbd_core.o(i.USBD_ClrClassConfig)
    USBD_CtlContinueRx                       0x0800387b   Thumb Code    16  usbd_ioreq.o(i.USBD_CtlContinueRx)
    USBD_CtlContinueSendData                 0x0800388b   Thumb Code    16  usbd_ioreq.o(i.USBD_CtlContinueSendData)
    USBD_CtlError                            0x0800389b   Thumb Code    22  usbd_ctlreq.o(i.USBD_CtlError)
    USBD_CtlPrepareRx                        0x080038b1   Thumb Code    30  usbd_ioreq.o(i.USBD_CtlPrepareRx)
    USBD_CtlReceiveStatus                    0x080038cf   Thumb Code    22  usbd_ioreq.o(i.USBD_CtlReceiveStatus)
    USBD_CtlSendData                         0x080038e5   Thumb Code    26  usbd_ioreq.o(i.USBD_CtlSendData)
    USBD_CtlSendStatus                       0x080038ff   Thumb Code    22  usbd_ioreq.o(i.USBD_CtlSendStatus)
    USBD_FS_ConfigStrDescriptor              0x08003915   Thumb Code    16  usbd_desc.o(i.USBD_FS_ConfigStrDescriptor)
    USBD_FS_DeviceDescriptor                 0x08003935   Thumb Code     8  usbd_desc.o(i.USBD_FS_DeviceDescriptor)
    USBD_FS_InterfaceStrDescriptor           0x08003941   Thumb Code    16  usbd_desc.o(i.USBD_FS_InterfaceStrDescriptor)
    USBD_FS_LangIDStrDescriptor              0x08003965   Thumb Code     8  usbd_desc.o(i.USBD_FS_LangIDStrDescriptor)
    USBD_FS_ManufacturerStrDescriptor        0x08003971   Thumb Code    16  usbd_desc.o(i.USBD_FS_ManufacturerStrDescriptor)
    USBD_FS_ProductStrDescriptor             0x08003999   Thumb Code    16  usbd_desc.o(i.USBD_FS_ProductStrDescriptor)
    USBD_FS_SerialStrDescriptor              0x080039c5   Thumb Code    16  usbd_desc.o(i.USBD_FS_SerialStrDescriptor)
    USBD_GetString                           0x08003ac9   Thumb Code    70  usbd_ctlreq.o(i.USBD_GetString)
    USBD_Init                                0x08003b0f   Thumb Code    42  usbd_core.o(i.USBD_Init)
    USBD_LL_ClearStallEP                     0x08003b39   Thumb Code    32  usbd_conf.o(i.USBD_LL_ClearStallEP)
    USBD_LL_CloseEP                          0x08003b59   Thumb Code    32  usbd_conf.o(i.USBD_LL_CloseEP)
    USBD_LL_DataInStage                      0x08003b79   Thumb Code   170  usbd_core.o(i.USBD_LL_DataInStage)
    USBD_LL_DataOutStage                     0x08003c23   Thumb Code   106  usbd_core.o(i.USBD_LL_DataOutStage)
    USBD_LL_GetRxDataSize                    0x08003c8d   Thumb Code     8  usbd_conf.o(i.USBD_LL_GetRxDataSize)
    USBD_LL_Init                             0x08003c95   Thumb Code   124  usbd_conf.o(i.USBD_LL_Init)
    USBD_LL_IsStallEP                        0x08003d19   Thumb Code    28  usbd_conf.o(i.USBD_LL_IsStallEP)
    USBD_LL_OpenEP                           0x08003d35   Thumb Code    38  usbd_conf.o(i.USBD_LL_OpenEP)
    USBD_LL_PrepareReceive                   0x08003d5b   Thumb Code    32  usbd_conf.o(i.USBD_LL_PrepareReceive)
    USBD_LL_Reset                            0x08003d7b   Thumb Code    62  usbd_core.o(i.USBD_LL_Reset)
    USBD_LL_Resume                           0x08003db9   Thumb Code    12  usbd_core.o(i.USBD_LL_Resume)
    USBD_LL_SOF                              0x08003dc5   Thumb Code    24  usbd_core.o(i.USBD_LL_SOF)
    USBD_LL_SetSpeed                         0x08003ddd   Thumb Code     6  usbd_core.o(i.USBD_LL_SetSpeed)
    USBD_LL_SetUSBAddress                    0x08003de3   Thumb Code    32  usbd_conf.o(i.USBD_LL_SetUSBAddress)
    USBD_LL_SetupStage                       0x08003e03   Thumb Code    90  usbd_core.o(i.USBD_LL_SetupStage)
    USBD_LL_StallEP                          0x08003e5d   Thumb Code    32  usbd_conf.o(i.USBD_LL_StallEP)
    USBD_LL_Start                            0x08003e7d   Thumb Code    32  usbd_conf.o(i.USBD_LL_Start)
    USBD_LL_Suspend                          0x08003e9d   Thumb Code    18  usbd_core.o(i.USBD_LL_Suspend)
    USBD_LL_Transmit                         0x08003eaf   Thumb Code    32  usbd_conf.o(i.USBD_LL_Transmit)
    USBD_ParseSetupRequest                   0x08003ecf   Thumb Code    40  usbd_ctlreq.o(i.USBD_ParseSetupRequest)
    USBD_RegisterClass                       0x08003ef7   Thumb Code    16  usbd_core.o(i.USBD_RegisterClass)
    USBD_SetClassConfig                      0x08003f07   Thumb Code    22  usbd_core.o(i.USBD_SetClassConfig)
    USBD_Start                               0x08003f91   Thumb Code    10  usbd_core.o(i.USBD_Start)
    USBD_StdDevReq                           0x08003f9b   Thumb Code   242  usbd_ctlreq.o(i.USBD_StdDevReq)
    USBD_StdEPReq                            0x0800408d   Thumb Code   220  usbd_ctlreq.o(i.USBD_StdEPReq)
    USBD_StdItfReq                           0x08004169   Thumb Code    52  usbd_ctlreq.o(i.USBD_StdItfReq)
    USBD_static_free                         0x0800419d   Thumb Code     2  usbd_conf.o(i.USBD_static_free)
    USBD_static_malloc                       0x080041a1   Thumb Code     4  usbd_conf.o(i.USBD_static_malloc)
    USB_ActivateEndpoint                     0x080041a9   Thumb Code   604  stm32f1xx_ll_usb.o(i.USB_ActivateEndpoint)
    USB_CoreInit                             0x08004405   Thumb Code     4  stm32f1xx_ll_usb.o(i.USB_CoreInit)
    USB_DeactivateEndpoint                   0x08004409   Thumb Code   292  stm32f1xx_ll_usb.o(i.USB_DeactivateEndpoint)
    USB_DevConnect                           0x0800452d   Thumb Code     4  stm32f1xx_ll_usb.o(i.USB_DevConnect)
    USB_DevDisconnect                        0x08004531   Thumb Code     4  stm32f1xx_ll_usb.o(i.USB_DevDisconnect)
    USB_DevInit                              0x08004535   Thumb Code    18  stm32f1xx_ll_usb.o(i.USB_DevInit)
    USB_DisableGlobalInt                     0x08004547   Thumb Code    14  stm32f1xx_ll_usb.o(i.USB_DisableGlobalInt)
    USB_EP0_OutStart                         0x08004555   Thumb Code     4  stm32f1xx_ll_usb.o(i.USB_EP0_OutStart)
    USB_EPClearStall                         0x08004559   Thumb Code   106  stm32f1xx_ll_usb.o(i.USB_EPClearStall)
    USB_EPSetStall                           0x080045c3   Thumb Code    74  stm32f1xx_ll_usb.o(i.USB_EPSetStall)
    USB_EPStartXfer                          0x0800460d   Thumb Code   426  stm32f1xx_ll_usb.o(i.USB_EPStartXfer)
    USB_EnableGlobalInt                      0x080047b7   Thumb Code    14  stm32f1xx_ll_usb.o(i.USB_EnableGlobalInt)
    USB_LP_CAN1_RX0_IRQHandler               0x080047c5   Thumb Code     6  stm32f1xx_it.o(i.USB_LP_CAN1_RX0_IRQHandler)
    USB_ReadInterrupts                       0x080047d1   Thumb Code     6  stm32f1xx_ll_usb.o(i.USB_ReadInterrupts)
    USB_ReadPMA                              0x080047d9   Thumb Code    30  stm32f1xx_ll_usb.o(i.USB_ReadPMA)
    USB_SetCurrentMode                       0x080047f7   Thumb Code     4  stm32f1xx_ll_usb.o(i.USB_SetCurrentMode)
    USB_SetDevAddress                        0x080047fb   Thumb Code    12  stm32f1xx_ll_usb.o(i.USB_SetDevAddress)
    USB_WritePMA                             0x08004807   Thumb Code    38  stm32f1xx_ll_usb.o(i.USB_WritePMA)
    UsageFault_Handler                       0x0800482d   Thumb Code     2  stm32f1xx_it.o(i.UsageFault_Handler)
    __scatterload_copy                       0x0800482f   Thumb Code    14  handlers.o(i.__scatterload_copy)
    __scatterload_null                       0x0800483d   Thumb Code     2  handlers.o(i.__scatterload_null)
    __scatterload_zeroinit                   0x0800483f   Thumb Code    14  handlers.o(i.__scatterload_zeroinit)
    main                                     0x0800484d   Thumb Code    52  main.o(i.main)
    osDelay                                  0x08004891   Thumb Code    14  cmsis_os.o(i.osDelay)
    osKernelStart                            0x0800489f   Thumb Code    10  cmsis_os.o(i.osKernelStart)
    osSystickHandler                         0x080048a9   Thumb Code    20  cmsis_os.o(i.osSystickHandler)
    osThreadCreate                           0x080048bd   Thumb Code    56  cmsis_os.o(i.osThreadCreate)
    pvPortMalloc                             0x08004a65   Thumb Code   182  heap_4.o(i.pvPortMalloc)
    pxPortInitialiseStack                    0x08004b21   Thumb Code    28  port.o(i.pxPortInitialiseStack)
    uxListRemove                             0x08004b41   Thumb Code    36  list.o(i.uxListRemove)
    vListInitialise                          0x08004b65   Thumb Code    22  list.o(i.vListInitialise)
    vListInitialiseItem                      0x08004b7b   Thumb Code     6  list.o(i.vListInitialiseItem)
    vListInsert                              0x08004b81   Thumb Code    48  list.o(i.vListInsert)
    vListInsertEnd                           0x08004bb1   Thumb Code    24  list.o(i.vListInsertEnd)
    vPortEnterCritical                       0x08004bc9   Thumb Code    46  port.o(i.vPortEnterCritical)
    vPortExitCritical                        0x08004c01   Thumb Code    30  port.o(i.vPortExitCritical)
    vPortFree                                0x08004c25   Thumb Code    68  heap_4.o(i.vPortFree)
    vPortSetupTimerInterrupt                 0x08004c6d   Thumb Code    26  port.o(i.vPortSetupTimerInterrupt)
    vPortYield                               0x08004c8d   Thumb Code    18  port.o(i.vPortYield)
    vTaskDelay                               0x08004ca5   Thumb Code    76  tasks.o(i.vTaskDelay)
    vTaskStartScheduler                      0x08004cf5   Thumb Code    66  tasks.o(i.vTaskStartScheduler)
    vTaskSuspendAll                          0x08004d49   Thumb Code    10  tasks.o(i.vTaskSuspendAll)
    vTaskSwitchContext                       0x08004d59   Thumb Code    74  tasks.o(i.vTaskSwitchContext)
    xPortStartScheduler                      0x08004dad   Thumb Code   102  port.o(i.xPortStartScheduler)
    xPortSysTickHandler                      0x08004e21   Thumb Code    30  port.o(i.xPortSysTickHandler)
    xTaskGenericCreate                       0x08004e45   Thumb Code   388  tasks.o(i.xTaskGenericCreate)
    xTaskGetSchedulerState                   0x08004fd1   Thumb Code    22  tasks.o(i.xTaskGetSchedulerState)
    xTaskIncrementTick                       0x08004fed   Thumb Code   184  tasks.o(i.xTaskIncrementTick)
    xTaskResumeAll                           0x080050ad   Thumb Code   162  tasks.o(i.xTaskResumeAll)
    AHBPrescTable                            0x08005158   Data          16  system_stm32f1xx.o(.constdata)
    APBPrescTable                            0x08005168   Data           8  system_stm32f1xx.o(.constdata)
    Region$$Table$$Base                      0x08005190   Number         0  anon$$obj.o(Region$$Table)
    Region$$Table$$Limit                     0x080051b0   Number         0  anon$$obj.o(Region$$Table)
    USBD_CDC_CfgHSDesc                       0x20000014   Data          67  usbd_cdc.o(.data)
    USBD_CDC_CfgFSDesc                       0x20000058   Data          67  usbd_cdc.o(.data)
    USBD_CDC_OtherSpeedCfgDesc               0x2000009c   Data          67  usbd_cdc.o(.data)
    USBD_CDC                                 0x200000e0   Data          56  usbd_cdc.o(.data)
    SystemCoreClock                          0x2000011c   Data           4  system_stm32f1xx.o(.data)
    pxCurrentTCB                             0x20000120   Data           4  tasks.o(.data)
    mainTaskHandle                           0x2000017c   Data           4  freertos.o(.data)
    FS_Desc                                  0x20000180   Data          28  usbd_desc.o(.data)
    USBD_LangIDDesc                          0x2000019c   Data           4  usbd_desc.o(.data)
    USBD_FS_DeviceDesc                       0x200001a0   Data          18  usbd_desc.o(.data)
    USBD_Interface_fops_FS                   0x200001b4   Data          16  usbd_cdc_if.o(.data)
    UserRxBufferFS                           0x200001c4   Data           4  usbd_cdc_if.o(.data)
    UserTxBufferFS                           0x200001c8   Data           4  usbd_cdc_if.o(.data)
    hpcd_USB_FS                              0x200010dc   Data        1056  usbd_conf.o(.bss)
    USBD_StrDesc                             0x200014fc   Data         512  usbd_desc.o(.bss)
    hUsbDeviceFS                             0x200016fc   Data         548  usb_device.o(.bss)
    htim4                                    0x20001920   Data          60  stm32f1xx_hal_timebase_tim.o(.bss)
    htim2                                    0x2000195c   Data          60  tim.o(.bss)
    htim3                                    0x20001998   Data          60  tim.o(.bss)
    hi2c1                                    0x200019d4   Data          60  i2c.o(.bss)
    huart2                                   0x20001a10   Data          64  usart.o(.bss)
    hadc1                                    0x20001a50   Data          48  adc.o(.bss)
    hdma_adc1                                0x20001a80   Data          56  adc.o(.bss)
    InitialData                              0x20001ab8   Data          12  mpu6050.o(.bss)
    __initial_sp                             0x20001ec8   Data           0  startup_stm32f103xb.o(STACK)



==============================================================================

Memory Map of the image

  Image Entry point : 0x080000ed

  Load Region LR_IROM1 (Base: 0x08000000, Size: 0x0000537c, Max: 0x00020000, ABSOLUTE, COMPRESSED[0x00005274])

    Execution Region ER_IROM1 (Base: 0x08000000, Size: 0x000051b0, Max: 0x00020000, ABSOLUTE)

    Base Addr    Size         Type   Attr      Idx    E Section Name        Object

    0x08000000   0x000000ec   Data   RO         3514    RESET               startup_stm32f103xb.o
    0x080000ec   0x00000000   Code   RO         5756  * .ARM.Collect$$$$00000000  mc_w.l(entry.o)
    0x080000ec   0x00000004   Code   RO         5812    .ARM.Collect$$$$00000001  mc_w.l(entry2.o)
    0x080000f0   0x00000004   Code   RO         5815    .ARM.Collect$$$$00000004  mc_w.l(entry5.o)
    0x080000f4   0x00000000   Code   RO         5817    .ARM.Collect$$$$00000008  mc_w.l(entry7b.o)
    0x080000f4   0x00000000   Code   RO         5819    .ARM.Collect$$$$0000000A  mc_w.l(entry8b.o)
    0x080000f4   0x00000008   Code   RO         5820    .ARM.Collect$$$$0000000B  mc_w.l(entry9a.o)
    0x080000fc   0x00000000   Code   RO         5822    .ARM.Collect$$$$0000000D  mc_w.l(entry10a.o)
    0x080000fc   0x00000000   Code   RO         5824    .ARM.Collect$$$$0000000F  mc_w.l(entry11a.o)
    0x080000fc   0x00000004   Code   RO         5813    .ARM.Collect$$$$00002712  mc_w.l(entry2.o)
    0x08000100   0x000000a2   Code   RO         4526    .emb_text           port.o
    0x080001a2   0x00000002   PAD
    0x080001a4   0x00000024   Code   RO         3515    .text               startup_stm32f103xb.o
    0x080001c8   0x00000024   Code   RO         5763    .text               mc_w.l(memcpya.o)
    0x080001ec   0x00000024   Code   RO         5765    .text               mc_w.l(memseta.o)
    0x08000210   0x00000024   Code   RO         5850    .text               mc_w.l(init.o)
    0x08000234   0x00000056   Code   RO         5864    .text               mc_w.l(__dczerorl2.o)
    0x0800028a   0x00000002   PAD
    0x0800028c   0x0000004c   Code   RO         2845    i.ADC_ConversionStop_Disable  stm32f1xx_hal_adc.o
    0x080002d8   0x00000070   Code   RO         2849    i.ADC_Enable        stm32f1xx_hal_adc.o
    0x08000348   0x00000002   Code   RO         5033    i.BusFault_Handler  stm32f1xx_it.o
    0x0800034a   0x00000004   Code   RO         4981    i.CDC_Control_FS    usbd_cdc_if.o
    0x0800034e   0x00000004   Code   RO         4982    i.CDC_DeInit_FS     usbd_cdc_if.o
    0x08000352   0x00000002   PAD
    0x08000354   0x00000024   Code   RO         4983    i.CDC_Init_FS       usbd_cdc_if.o
    0x08000378   0x00000018   Code   RO         4984    i.CDC_Receive_FS    usbd_cdc_if.o
    0x08000390   0x0000002c   Code   RO         4985    i.CDC_Transmit_FS   usbd_cdc_if.o
    0x080003bc   0x0000000c   Code   RO         5034    i.DMA1_Channel1_IRQHandler  stm32f1xx_it.o
    0x080003c8   0x00000002   Code   RO         5035    i.DebugMon_Handler  stm32f1xx_it.o
    0x080003ca   0x00000002   Code   RO         5130    i.Error_Handler     main.o
    0x080003cc   0x000000c8   Code   RO         3025    i.HAL_ADCEx_Calibration_Start  stm32f1xx_hal_adc_ex.o
    0x08000494   0x00000168   Code   RO         2851    i.HAL_ADC_ConfigChannel  stm32f1xx_hal_adc.o
    0x080005fc   0x00000134   Code   RO         2860    i.HAL_ADC_Init      stm32f1xx_hal_adc.o
    0x08000730   0x00000078   Code   RO         5454    i.HAL_ADC_MspInit   adc.o
    0x080007a8   0x0000026c   Code   RO         1843    i.HAL_DMA_IRQHandler  stm32f1xx_hal_dma.o
    0x08000a14   0x00000050   Code   RO         1844    i.HAL_DMA_Init      stm32f1xx_hal_dma.o
    0x08000a64   0x00000016   Code   RO          417    i.HAL_Delay         stm32f1xx_hal.o
    0x08000a7a   0x00000002   PAD
    0x08000a7c   0x000001bc   Code   RO          347    i.HAL_GPIO_Init     stm32f1xx_hal_gpio.o
    0x08000c38   0x0000000a   Code   RO          351    i.HAL_GPIO_WritePin  stm32f1xx_hal_gpio.o
    0x08000c42   0x00000002   PAD
    0x08000c44   0x0000000c   Code   RO          421    i.HAL_GetTick       stm32f1xx_hal.o
    0x08000c50   0x000000e0   Code   RO         2534    i.HAL_I2C_Init      stm32f1xx_hal_i2c.o
    0x08000d30   0x000001d8   Code   RO         2546    i.HAL_I2C_Mem_Read  stm32f1xx_hal_i2c.o
    0x08000f08   0x000000f8   Code   RO         2549    i.HAL_I2C_Mem_Write  stm32f1xx_hal_i2c.o
    0x08001000   0x00000044   Code   RO         5358    i.HAL_I2C_MspInit   i2c.o
    0x08001044   0x00000010   Code   RO          422    i.HAL_IncTick       stm32f1xx_hal.o
    0x08001054   0x00000024   Code   RO          423    i.HAL_Init          stm32f1xx_hal.o
    0x08001078   0x00000074   Code   RO         5227    i.HAL_InitTick      stm32f1xx_hal_timebase_tim.o
    0x080010ec   0x00000080   Code   RO         4615    i.HAL_MspInit       stm32f1xx_hal_msp.o
    0x0800116c   0x00000016   Code   RO          546    i.HAL_NVIC_EnableIRQ  stm32f1xx_hal_cortex.o
    0x08001182   0x00000002   PAD
    0x08001184   0x00000040   Code   RO          552    i.HAL_NVIC_SetPriority  stm32f1xx_hal_cortex.o
    0x080011c4   0x00000024   Code   RO          553    i.HAL_NVIC_SetPriorityGrouping  stm32f1xx_hal_cortex.o
    0x080011e8   0x00000034   Code   RO          211    i.HAL_PCDEx_PMAConfig  stm32f1xx_hal_pcd_ex.o
    0x0800121c   0x00000002   Code   RO         4706    i.HAL_PCDEx_SetConnectionState  usbd_conf.o
    0x0800121e   0x0000000e   Code   RO         4708    i.HAL_PCD_DataInStageCallback  usbd_conf.o
    0x0800122c   0x00000010   Code   RO         4709    i.HAL_PCD_DataOutStageCallback  usbd_conf.o
    0x0800123c   0x00000040   Code   RO         2197    i.HAL_PCD_EP_Close  stm32f1xx_hal_pcd.o
    0x0800127c   0x00000048   Code   RO         2198    i.HAL_PCD_EP_ClrStall  stm32f1xx_hal_pcd.o
    0x080012c4   0x00000010   Code   RO         2200    i.HAL_PCD_EP_GetRxCount  stm32f1xx_hal_pcd.o
    0x080012d4   0x00000044   Code   RO         2201    i.HAL_PCD_EP_Open   stm32f1xx_hal_pcd.o
    0x08001318   0x00000040   Code   RO         2202    i.HAL_PCD_EP_Receive  stm32f1xx_hal_pcd.o
    0x08001358   0x00000056   Code   RO         2203    i.HAL_PCD_EP_SetStall  stm32f1xx_hal_pcd.o
    0x080013ae   0x0000003e   Code   RO         2204    i.HAL_PCD_EP_Transmit  stm32f1xx_hal_pcd.o
    0x080013ec   0x0000010a   Code   RO         2206    i.HAL_PCD_IRQHandler  stm32f1xx_hal_pcd.o
    0x080014f6   0x00000002   PAD
    0x080014f8   0x000000c0   Code   RO         2209    i.HAL_PCD_Init      stm32f1xx_hal_pcd.o
    0x080015b8   0x0000003c   Code   RO         4714    i.HAL_PCD_MspInit   usbd_conf.o
    0x080015f4   0x0000001a   Code   RO         4715    i.HAL_PCD_ResetCallback  usbd_conf.o
    0x0800160e   0x00000008   Code   RO         4716    i.HAL_PCD_ResumeCallback  usbd_conf.o
    0x08001616   0x00000008   Code   RO         4717    i.HAL_PCD_SOFCallback  usbd_conf.o
    0x0800161e   0x00000028   Code   RO         2215    i.HAL_PCD_SetAddress  stm32f1xx_hal_pcd.o
    0x08001646   0x0000000e   Code   RO         4718    i.HAL_PCD_SetupStageCallback  usbd_conf.o
    0x08001654   0x00000032   Code   RO         2217    i.HAL_PCD_Start     stm32f1xx_hal_pcd.o
    0x08001686   0x00000002   PAD
    0x08001688   0x00000024   Code   RO         4719    i.HAL_PCD_SuspendCallback  usbd_conf.o
    0x080016ac   0x000000f0   Code   RO         1293    i.HAL_RCCEx_GetPeriphCLKFreq  stm32f1xx_hal_rcc_ex.o
    0x0800179c   0x0000012c   Code   RO         1294    i.HAL_RCCEx_PeriphCLKConfig  stm32f1xx_hal_rcc_ex.o
    0x080018c8   0x00000188   Code   RO            5    i.HAL_RCC_ClockConfig  stm32f1xx_hal_rcc.o
    0x08001a50   0x00000040   Code   RO            9    i.HAL_RCC_GetClockConfig  stm32f1xx_hal_rcc.o
    0x08001a90   0x0000000c   Code   RO           10    i.HAL_RCC_GetHCLKFreq  stm32f1xx_hal_rcc.o
    0x08001a9c   0x00000030   Code   RO           12    i.HAL_RCC_GetPCLK1Freq  stm32f1xx_hal_rcc.o
    0x08001acc   0x00000030   Code   RO           13    i.HAL_RCC_GetPCLK2Freq  stm32f1xx_hal_rcc.o
    0x08001afc   0x00000088   Code   RO           14    i.HAL_RCC_GetSysClockFreq  stm32f1xx_hal_rcc.o
    0x08001b84   0x0000057e   Code   RO           17    i.HAL_RCC_OscConfig  stm32f1xx_hal_rcc.o
    0x08002102   0x00000018   Code   RO          555    i.HAL_SYSTICK_CLKSourceConfig  stm32f1xx_hal_cortex.o
    0x0800211a   0x00000028   Code   RO          557    i.HAL_SYSTICK_Config  stm32f1xx_hal_cortex.o
    0x08002142   0x00000002   Code   RO         1328    i.HAL_TIMEx_BreakCallback  stm32f1xx_hal_tim_ex.o
    0x08002144   0x00000002   Code   RO         1329    i.HAL_TIMEx_CommutationCallback  stm32f1xx_hal_tim_ex.o
    0x08002146   0x00000050   Code   RO         1345    i.HAL_TIMEx_MasterConfigSynchronization  stm32f1xx_hal_tim_ex.o
    0x08002196   0x00000036   Code   RO          663    i.HAL_TIM_Base_Init  stm32f1xx_hal_tim.o
    0x080021cc   0x0000003c   Code   RO         5268    i.HAL_TIM_Base_MspInit  tim.o
    0x08002208   0x00000018   Code   RO          668    i.HAL_TIM_Base_Start_IT  stm32f1xx_hal_tim.o
    0x08002220   0x000000f2   Code   RO          672    i.HAL_TIM_ConfigClockSource  stm32f1xx_hal_tim.o
    0x08002312   0x00000002   Code   RO          692    i.HAL_TIM_IC_CaptureCallback  stm32f1xx_hal_tim.o
    0x08002314   0x00000166   Code   RO          705    i.HAL_TIM_IRQHandler  stm32f1xx_hal_tim.o
    0x0800247a   0x00000002   PAD
    0x0800247c   0x0000004c   Code   RO         5269    i.HAL_TIM_MspPostInit  tim.o
    0x080024c8   0x00000002   Code   RO          708    i.HAL_TIM_OC_DelayElapsedCallback  stm32f1xx_hal_tim.o
    0x080024ca   0x000000d0   Code   RO          729    i.HAL_TIM_PWM_ConfigChannel  stm32f1xx_hal_tim.o
    0x0800259a   0x00000036   Code   RO          732    i.HAL_TIM_PWM_Init  stm32f1xx_hal_tim.o
    0x080025d0   0x00000024   Code   RO         5271    i.HAL_TIM_PWM_MspInit  tim.o
    0x080025f4   0x00000002   Code   RO          735    i.HAL_TIM_PWM_PulseFinishedCallback  stm32f1xx_hal_tim.o
    0x080025f6   0x00000002   PAD
    0x080025f8   0x00000014   Code   RO         5131    i.HAL_TIM_PeriodElapsedCallback  main.o
    0x0800260c   0x00000002   Code   RO          746    i.HAL_TIM_TriggerCallback  stm32f1xx_hal_tim.o
    0x0800260e   0x0000005e   Code   RO         1931    i.HAL_UART_Init     stm32f1xx_hal_uart.o
    0x0800266c   0x00000058   Code   RO         5412    i.HAL_UART_MspInit  usart.o
    0x080026c4   0x00000002   Code   RO         5036    i.HardFault_Handler  stm32f1xx_it.o
    0x080026c6   0x0000002a   Code   RO         2569    i.I2C_IsAcknowledgeFailed  stm32f1xx_hal_i2c.o
    0x080026f0   0x000000e2   Code   RO         2574    i.I2C_RequestMemoryRead  stm32f1xx_hal_i2c.o
    0x080027d2   0x00000002   PAD
    0x080027d4   0x00000098   Code   RO         2575    i.I2C_RequestMemoryWrite  stm32f1xx_hal_i2c.o
    0x0800286c   0x0000008a   Code   RO         2576    i.I2C_WaitOnFlagUntilTimeout  stm32f1xx_hal_i2c.o
    0x080028f6   0x00000088   Code   RO         2577    i.I2C_WaitOnMasterAddressFlagUntilTimeout  stm32f1xx_hal_i2c.o
    0x0800297e   0x00000066   Code   RO         2578    i.I2C_WaitOnRXNEFlagUntilTimeout  stm32f1xx_hal_i2c.o
    0x080029e4   0x00000050   Code   RO         2580    i.I2C_WaitOnTXEFlagUntilTimeout  stm32f1xx_hal_i2c.o
    0x08002a34   0x00000020   Code   RO         5360    i.I2C_WriteByte     i2c.o
    0x08002a54   0x00000052   Code   RO         5576    i.MPU6050_Init      mpu6050.o
    0x08002aa6   0x00000002   PAD
    0x08002aa8   0x0000004c   Code   RO         5455    i.MX_ADC1_Init      adc.o
    0x08002af4   0x0000002c   Code   RO         5531    i.MX_DMA_Init       dma.o
    0x08002b20   0x00000028   Code   RO         4638    i.MX_FREERTOS_Init  freertos.o
    0x08002b48   0x000000c0   Code   RO         5333    i.MX_GPIO_Init      gpio.o
    0x08002c08   0x00000040   Code   RO         5361    i.MX_I2C1_Init      i2c.o
    0x08002c48   0x00000090   Code   RO         5272    i.MX_TIM2_Init      tim.o
    0x08002cd8   0x00000058   Code   RO         5273    i.MX_TIM3_Init      tim.o
    0x08002d30   0x00000038   Code   RO         5413    i.MX_USART2_UART_Init  usart.o
    0x08002d68   0x00000038   Code   RO         5197    i.MX_USB_DEVICE_Init  usb_device.o
    0x08002da0   0x00000002   Code   RO         5037    i.MemManage_Handler  stm32f1xx_it.o
    0x08002da2   0x00000002   Code   RO         5038    i.NMI_Handler       stm32f1xx_it.o
    0x08002da4   0x00000020   Code   RO          559    i.NVIC_SetPriority  stm32f1xx_hal_cortex.o
    0x08002dc4   0x00000362   Code   RO         2220    i.PCD_EP_ISR_Handler  stm32f1xx_hal_pcd.o
    0x08003126   0x00000002   PAD
    0x08003128   0x0000006c   Code   RO         5577    i.Read_MPU6050      mpu6050.o
    0x08003194   0x00000020   Code   RO         4639    i.StartMainTask     freertos.o
    0x080031b4   0x00000004   Code   RO         5039    i.SysTick_Handler   stm32f1xx_it.o
    0x080031b8   0x0000007e   Code   RO         5132    i.SystemClock_Config  main.o
    0x08003236   0x00000002   PAD
    0x08003238   0x00000048   Code   RO         3523    i.SystemInit        system_stm32f1xx.o
    0x08003280   0x0000000c   Code   RO         5040    i.TIM3_IRQHandler   stm32f1xx_it.o
    0x0800328c   0x0000000c   Code   RO         5041    i.TIM4_IRQHandler   stm32f1xx_it.o
    0x08003298   0x00000064   Code   RO          747    i.TIM_Base_SetConfig  stm32f1xx_hal_tim.o
    0x080032fc   0x00000014   Code   RO          754    i.TIM_ETR_SetConfig  stm32f1xx_hal_tim.o
    0x08003310   0x00000010   Code   RO          755    i.TIM_ITRx_SetConfig  stm32f1xx_hal_tim.o
    0x08003320   0x00000050   Code   RO          756    i.TIM_OC1_SetConfig  stm32f1xx_hal_tim.o
    0x08003370   0x00000058   Code   RO          757    i.TIM_OC2_SetConfig  stm32f1xx_hal_tim.o
    0x080033c8   0x00000058   Code   RO          758    i.TIM_OC3_SetConfig  stm32f1xx_hal_tim.o
    0x08003420   0x00000044   Code   RO          759    i.TIM_OC4_SetConfig  stm32f1xx_hal_tim.o
    0x08003464   0x00000022   Code   RO          761    i.TIM_TI1_ConfigInputStage  stm32f1xx_hal_tim.o
    0x08003486   0x00000024   Code   RO          763    i.TIM_TI2_ConfigInputStage  stm32f1xx_hal_tim.o
    0x080034aa   0x00000002   PAD
    0x080034ac   0x00000170   Code   RO         1950    i.UART_SetConfig    stm32f1xx_hal_uart.o
    0x0800361c   0x00000014   Code   RO         3280    i.USBD_CDC_DataIn   usbd_cdc.o
    0x08003630   0x0000002e   Code   RO         3281    i.USBD_CDC_DataOut  usbd_cdc.o
    0x0800365e   0x0000003c   Code   RO         3282    i.USBD_CDC_DeInit   usbd_cdc.o
    0x0800369a   0x00000024   Code   RO         3283    i.USBD_CDC_EP0_RxReady  usbd_cdc.o
    0x080036be   0x00000002   PAD
    0x080036c0   0x0000000c   Code   RO         3284    i.USBD_CDC_GetDeviceQualifierDescriptor  usbd_cdc.o
    0x080036cc   0x0000000c   Code   RO         3285    i.USBD_CDC_GetFSCfgDesc  usbd_cdc.o
    0x080036d8   0x0000000c   Code   RO         3286    i.USBD_CDC_GetHSCfgDesc  usbd_cdc.o
    0x080036e4   0x0000000c   Code   RO         3287    i.USBD_CDC_GetOtherSpeedCfgDesc  usbd_cdc.o
    0x080036f0   0x00000088   Code   RO         3288    i.USBD_CDC_Init     usbd_cdc.o
    0x08003778   0x00000028   Code   RO         3289    i.USBD_CDC_ReceivePacket  usbd_cdc.o
    0x080037a0   0x00000010   Code   RO         3290    i.USBD_CDC_RegisterInterface  usbd_cdc.o
    0x080037b0   0x0000000c   Code   RO         3291    i.USBD_CDC_SetRxBuffer  usbd_cdc.o
    0x080037bc   0x00000010   Code   RO         3292    i.USBD_CDC_SetTxBuffer  usbd_cdc.o
    0x080037cc   0x00000070   Code   RO         3293    i.USBD_CDC_Setup    usbd_cdc.o
    0x0800383c   0x00000030   Code   RO         3294    i.USBD_CDC_TransmitPacket  usbd_cdc.o
    0x0800386c   0x0000000e   Code   RO         3121    i.USBD_ClrClassConfig  usbd_core.o
    0x0800387a   0x00000010   Code   RO         3390    i.USBD_CtlContinueRx  usbd_ioreq.o
    0x0800388a   0x00000010   Code   RO         3391    i.USBD_CtlContinueSendData  usbd_ioreq.o
    0x0800389a   0x00000016   Code   RO         3450    i.USBD_CtlError     usbd_ctlreq.o
    0x080038b0   0x0000001e   Code   RO         3392    i.USBD_CtlPrepareRx  usbd_ioreq.o
    0x080038ce   0x00000016   Code   RO         3393    i.USBD_CtlReceiveStatus  usbd_ioreq.o
    0x080038e4   0x0000001a   Code   RO         3394    i.USBD_CtlSendData  usbd_ioreq.o
    0x080038fe   0x00000016   Code   RO         3395    i.USBD_CtlSendStatus  usbd_ioreq.o
    0x08003914   0x00000020   Code   RO         4913    i.USBD_FS_ConfigStrDescriptor  usbd_desc.o
    0x08003934   0x0000000c   Code   RO         4914    i.USBD_FS_DeviceDescriptor  usbd_desc.o
    0x08003940   0x00000024   Code   RO         4915    i.USBD_FS_InterfaceStrDescriptor  usbd_desc.o
    0x08003964   0x0000000c   Code   RO         4916    i.USBD_FS_LangIDStrDescriptor  usbd_desc.o
    0x08003970   0x00000028   Code   RO         4917    i.USBD_FS_ManufacturerStrDescriptor  usbd_desc.o
    0x08003998   0x0000002c   Code   RO         4918    i.USBD_FS_ProductStrDescriptor  usbd_desc.o
    0x080039c4   0x00000024   Code   RO         4919    i.USBD_FS_SerialStrDescriptor  usbd_desc.o
    0x080039e8   0x000000e0   Code   RO         3451    i.USBD_GetDescriptor  usbd_ctlreq.o
    0x08003ac8   0x00000046   Code   RO         3452    i.USBD_GetString    usbd_ctlreq.o
    0x08003b0e   0x0000002a   Code   RO         3123    i.USBD_Init         usbd_core.o
    0x08003b38   0x00000020   Code   RO         4720    i.USBD_LL_ClearStallEP  usbd_conf.o
    0x08003b58   0x00000020   Code   RO         4721    i.USBD_LL_CloseEP   usbd_conf.o
    0x08003b78   0x000000aa   Code   RO         3124    i.USBD_LL_DataInStage  usbd_core.o
    0x08003c22   0x0000006a   Code   RO         3125    i.USBD_LL_DataOutStage  usbd_core.o
    0x08003c8c   0x00000008   Code   RO         4725    i.USBD_LL_GetRxDataSize  usbd_conf.o
    0x08003c94   0x00000084   Code   RO         4726    i.USBD_LL_Init      usbd_conf.o
    0x08003d18   0x0000001c   Code   RO         4727    i.USBD_LL_IsStallEP  usbd_conf.o
    0x08003d34   0x00000026   Code   RO         4728    i.USBD_LL_OpenEP    usbd_conf.o
    0x08003d5a   0x00000020   Code   RO         4729    i.USBD_LL_PrepareReceive  usbd_conf.o
    0x08003d7a   0x0000003e   Code   RO         3130    i.USBD_LL_Reset     usbd_core.o
    0x08003db8   0x0000000c   Code   RO         3131    i.USBD_LL_Resume    usbd_core.o
    0x08003dc4   0x00000018   Code   RO         3132    i.USBD_LL_SOF       usbd_core.o
    0x08003ddc   0x00000006   Code   RO         3133    i.USBD_LL_SetSpeed  usbd_core.o
    0x08003de2   0x00000020   Code   RO         4730    i.USBD_LL_SetUSBAddress  usbd_conf.o
    0x08003e02   0x0000005a   Code   RO         3134    i.USBD_LL_SetupStage  usbd_core.o
    0x08003e5c   0x00000020   Code   RO         4731    i.USBD_LL_StallEP   usbd_conf.o
    0x08003e7c   0x00000020   Code   RO         4732    i.USBD_LL_Start     usbd_conf.o
    0x08003e9c   0x00000012   Code   RO         3135    i.USBD_LL_Suspend   usbd_core.o
    0x08003eae   0x00000020   Code   RO         4734    i.USBD_LL_Transmit  usbd_conf.o
    0x08003ece   0x00000028   Code   RO         3453    i.USBD_ParseSetupRequest  usbd_ctlreq.o
    0x08003ef6   0x00000010   Code   RO         3136    i.USBD_RegisterClass  usbd_core.o
    0x08003f06   0x00000016   Code   RO         3138    i.USBD_SetClassConfig  usbd_core.o
    0x08003f1c   0x00000074   Code   RO         3454    i.USBD_SetConfig    usbd_ctlreq.o
    0x08003f90   0x0000000a   Code   RO         3139    i.USBD_Start        usbd_core.o
    0x08003f9a   0x000000f2   Code   RO         3455    i.USBD_StdDevReq    usbd_ctlreq.o
    0x0800408c   0x000000dc   Code   RO         3456    i.USBD_StdEPReq     usbd_ctlreq.o
    0x08004168   0x00000034   Code   RO         3457    i.USBD_StdItfReq    usbd_ctlreq.o
    0x0800419c   0x00000002   Code   RO         4735    i.USBD_static_free  usbd_conf.o
    0x0800419e   0x00000002   PAD
    0x080041a0   0x00000008   Code   RO         4736    i.USBD_static_malloc  usbd_conf.o
    0x080041a8   0x0000025c   Code   RO         1561    i.USB_ActivateEndpoint  stm32f1xx_ll_usb.o
    0x08004404   0x00000004   Code   RO         1564    i.USB_CoreInit      stm32f1xx_ll_usb.o
    0x08004408   0x00000124   Code   RO         1566    i.USB_DeactivateEndpoint  stm32f1xx_ll_usb.o
    0x0800452c   0x00000004   Code   RO         1567    i.USB_DevConnect    stm32f1xx_ll_usb.o
    0x08004530   0x00000004   Code   RO         1568    i.USB_DevDisconnect  stm32f1xx_ll_usb.o
    0x08004534   0x00000012   Code   RO         1569    i.USB_DevInit       stm32f1xx_ll_usb.o
    0x08004546   0x0000000e   Code   RO         1570    i.USB_DisableGlobalInt  stm32f1xx_ll_usb.o
    0x08004554   0x00000004   Code   RO         1571    i.USB_EP0_OutStart  stm32f1xx_ll_usb.o
    0x08004558   0x0000006a   Code   RO         1572    i.USB_EPClearStall  stm32f1xx_ll_usb.o
    0x080045c2   0x0000004a   Code   RO         1573    i.USB_EPSetStall    stm32f1xx_ll_usb.o
    0x0800460c   0x000001aa   Code   RO         1574    i.USB_EPStartXfer   stm32f1xx_ll_usb.o
    0x080047b6   0x0000000e   Code   RO         1575    i.USB_EnableGlobalInt  stm32f1xx_ll_usb.o
    0x080047c4   0x0000000c   Code   RO         5042    i.USB_LP_CAN1_RX0_IRQHandler  stm32f1xx_it.o
    0x080047d0   0x00000006   Code   RO         1582    i.USB_ReadInterrupts  stm32f1xx_ll_usb.o
    0x080047d6   0x00000002   PAD
    0x080047d8   0x0000001e   Code   RO         1583    i.USB_ReadPMA       stm32f1xx_ll_usb.o
    0x080047f6   0x00000004   Code   RO         1585    i.USB_SetCurrentMode  stm32f1xx_ll_usb.o
    0x080047fa   0x0000000c   Code   RO         1586    i.USB_SetDevAddress  stm32f1xx_ll_usb.o
    0x08004806   0x00000026   Code   RO         1588    i.USB_WritePMA      stm32f1xx_ll_usb.o
    0x0800482c   0x00000002   Code   RO         5043    i.UsageFault_Handler  stm32f1xx_it.o
    0x0800482e   0x0000000e   Code   RO         5858    i.__scatterload_copy  mc_w.l(handlers.o)
    0x0800483c   0x00000002   Code   RO         5859    i.__scatterload_null  mc_w.l(handlers.o)
    0x0800483e   0x0000000e   Code   RO         5860    i.__scatterload_zeroinit  mc_w.l(handlers.o)
    0x0800484c   0x00000038   Code   RO         5133    i.main              main.o
    0x08004884   0x0000000c   Code   RO         4121    i.makeFreeRtosPriority  cmsis_os.o
    0x08004890   0x0000000e   Code   RO         4122    i.osDelay           cmsis_os.o
    0x0800489e   0x0000000a   Code   RO         4125    i.osKernelStart     cmsis_os.o
    0x080048a8   0x00000014   Code   RO         4154    i.osSystickHandler  cmsis_os.o
    0x080048bc   0x00000038   Code   RO         4155    i.osThreadCreate    cmsis_os.o
    0x080048f4   0x00000034   Code   RO         3557    i.prvAddCurrentTaskToDelayedList  tasks.o
    0x08004928   0x00000054   Code   RO         3558    i.prvCheckTasksWaitingTermination  tasks.o
    0x0800497c   0x0000004c   Code   RO         4068    i.prvHeapInit       heap_4.o
    0x080049c8   0x00000018   Code   RO         3559    i.prvIdleTask       tasks.o
    0x080049e0   0x0000004c   Code   RO         4069    i.prvInsertBlockIntoFreeList  heap_4.o
    0x08004a2c   0x00000020   Code   RO         3561    i.prvResetNextTaskUnblockTime  tasks.o
    0x08004a4c   0x00000018   Code   RO         4527    i.prvTaskExitError  port.o
    0x08004a64   0x000000bc   Code   RO         4070    i.pvPortMalloc      heap_4.o
    0x08004b20   0x00000020   Code   RO         4528    i.pxPortInitialiseStack  port.o
    0x08004b40   0x00000024   Code   RO         4026    i.uxListRemove      list.o
    0x08004b64   0x00000016   Code   RO         4027    i.vListInitialise   list.o
    0x08004b7a   0x00000006   Code   RO         4028    i.vListInitialiseItem  list.o
    0x08004b80   0x00000030   Code   RO         4029    i.vListInsert       list.o
    0x08004bb0   0x00000018   Code   RO         4030    i.vListInsertEnd    list.o
    0x08004bc8   0x00000038   Code   RO         4530    i.vPortEnterCritical  port.o
    0x08004c00   0x00000024   Code   RO         4531    i.vPortExitCritical  port.o
    0x08004c24   0x00000048   Code   RO         4071    i.vPortFree         heap_4.o
    0x08004c6c   0x00000020   Code   RO         4532    i.vPortSetupTimerInterrupt  port.o
    0x08004c8c   0x00000018   Code   RO         4534    i.vPortYield        port.o
    0x08004ca4   0x00000050   Code   RO         3571    i.vTaskDelay        tasks.o
    0x08004cf4   0x00000054   Code   RO         3583    i.vTaskStartScheduler  tasks.o
    0x08004d48   0x00000010   Code   RO         3585    i.vTaskSuspendAll   tasks.o
    0x08004d58   0x00000054   Code   RO         3586    i.vTaskSwitchContext  tasks.o
    0x08004dac   0x00000074   Code   RO         4535    i.xPortStartScheduler  port.o
    0x08004e20   0x00000024   Code   RO         4536    i.xPortSysTickHandler  port.o
    0x08004e44   0x0000018c   Code   RO         3588    i.xTaskGenericCreate  tasks.o
    0x08004fd0   0x0000001c   Code   RO         3592    i.xTaskGetSchedulerState  tasks.o
    0x08004fec   0x000000c0   Code   RO         3595    i.xTaskIncrementTick  tasks.o
    0x080050ac   0x000000ac   Code   RO         3601    i.xTaskResumeAll    tasks.o
    0x08005158   0x00000010   Data   RO         3524    .constdata          system_stm32f1xx.o
    0x08005168   0x00000008   Data   RO         3525    .constdata          system_stm32f1xx.o
    0x08005170   0x00000014   Data   RO         4640    .constdata          freertos.o
    0x08005184   0x00000009   Data   RO         4641    .conststring        freertos.o
    0x0800518d   0x00000003   PAD
    0x08005190   0x00000020   Data   RO         5856    Region$$Table       anon$$obj.o


    Execution Region RW_IRAM1 (Base: 0x20000000, Size: 0x00001ec8, Max: 0x00005000, ABSOLUTE, COMPRESSED[0x000000c4])

    Base Addr    Size         Type   Attr      Idx    E Section Name        Object

    0x20000000   0x00000004   Data   RW          429    .data               stm32f1xx_hal.o
    0x20000004   0x000000db   Data   RW         3295    .data               usbd_cdc.o
    0x200000df   0x00000001   PAD
    0x200000e0   0x00000038   Data   RW         3296    .data               usbd_cdc.o
    0x20000118   0x00000001   Data   RW         3458    .data               usbd_ctlreq.o
    0x20000119   0x00000003   PAD
    0x2000011c   0x00000004   Data   RW         3526    .data               system_stm32f1xx.o
    0x20000120   0x00000038   Data   RW         3604    .data               tasks.o
    0x20000158   0x00000018   Data   RW         4076    .data               heap_4.o
    0x20000170   0x0000000c   Data   RW         4537    .data               port.o
    0x2000017c   0x00000004   Data   RW         4642    .data               freertos.o
    0x20000180   0x0000001c   Data   RW         4921    .data               usbd_desc.o
    0x2000019c   0x00000016   Data   RW         4922    .data               usbd_desc.o
    0x200001b2   0x00000002   PAD
    0x200001b4   0x00000010   Data   RW         4986    .data               usbd_cdc_if.o
    0x200001c4   0x00000008   Data   RW         4987    .data               usbd_cdc_if.o
    0x200001cc   0x000000f0   Zero   RW         3603    .bss                tasks.o
    0x200002bc   0x00000c00   Zero   RW         4075    .bss                heap_4.o
    0x20000ebc   0x00000640   Zero   RW         4737    .bss                usbd_conf.o
    0x200014fc   0x00000200   Zero   RW         4920    .bss                usbd_desc.o
    0x200016fc   0x00000224   Zero   RW         5198    .bss                usb_device.o
    0x20001920   0x0000003c   Zero   RW         5230    .bss                stm32f1xx_hal_timebase_tim.o
    0x2000195c   0x00000078   Zero   RW         5274    .bss                tim.o
    0x200019d4   0x0000003c   Zero   RW         5362    .bss                i2c.o
    0x20001a10   0x00000040   Zero   RW         5414    .bss                usart.o
    0x20001a50   0x00000068   Zero   RW         5456    .bss                adc.o
    0x20001ab8   0x0000000c   Zero   RW         5578    .bss                mpu6050.o
    0x20001ac4   0x00000004   PAD
    0x20001ac8   0x00000400   Zero   RW         3512    STACK               startup_stm32f103xb.o


==============================================================================

Image component sizes


      Code (inc. data)   RO Data    RW Data    ZI Data      Debug   Object Name

       196         32          0          0        104       1791   adc.o
       112          0          0          0          0      10508   cmsis_os.o
        44          4          0          0          0        798   dma.o
        72         10         29          4          0       7255   freertos.o
       192         18          0          0          0       1007   gpio.o
       412         24          0         24       3072       4427   heap_4.o
       164         32          0          0         60       2265   i2c.o
       136          0          0          0          0       3590   list.o
       204         10          0          0          0       2712   main.o
       190          8          0          0         12       2400   mpu6050.o
       518         68          0         12          0       8217   port.o
         0          0          0          0          0       3084   queue.o
        36          8        236          0       1024        800   startup_stm32f103xb.o
        86         16          0          4          0       3199   stm32f1xx_hal.o
       856         30          0          0          0       4289   stm32f1xx_hal_adc.o
       200          6          0          0          0       1514   stm32f1xx_hal_adc_ex.o
       218         14          0          0          0      26585   stm32f1xx_hal_cortex.o
       700          4          0          0          0       2272   stm32f1xx_hal_dma.o
       454         36          0          0          0       3144   stm32f1xx_hal_gpio.o
      1820         30          0          0          0      11162   stm32f1xx_hal_i2c.o
       128         10          0          0          0        906   stm32f1xx_hal_msp.o
      1846          0          0          0          0      10665   stm32f1xx_hal_pcd.o
        52          0          0          0          0       1238   stm32f1xx_hal_pcd_ex.o
      2106        108          0          0          0     498565   stm32f1xx_hal_rcc.o
       540         44          0          0          0       2565   stm32f1xx_hal_rcc_ex.o
      1478         34          0          0          0      14326   stm32f1xx_hal_tim.o
        84          0          0          0          0       2454   stm32f1xx_hal_tim_ex.o
       116         16          0          0         60       1540   stm32f1xx_hal_timebase_tim.o
       462          4          0          0          0       2008   stm32f1xx_hal_uart.o
        64         24          0          0          0       5027   stm32f1xx_it.o
      1654          0          0          0          0      13131   stm32f1xx_ll_usb.o
        72         16         24          4          0       1239   system_stm32f1xx.o
      1244         92          0         56        240      27942   tasks.o
       404         42          0          0        120       3523   tim.o
       144         22          0          0         64       1742   usart.o
        56         18          0          0        548        764   usb_device.o
       590         22          0        275          0      13214   usbd_cdc.o
       112         20          0         24          0       3364   usbd_cdc_if.o
       624         28          0          0       1600      13885   usbd_conf.o
       592          0          0          0          0      13996   usbd_core.o
       986         30          0          1          0       8020   usbd_ctlreq.o
       212        116          0         50        512       5195   usbd_desc.o
       132          0          0          0          0       4540   usbd_ioreq.o

    ----------------------------------------------------------------------
     20342        996        324        460       7420     750868   Object Totals
         0          0         32          0          0          0   (incl. Generated)
        34          0          3          6          4          0   (incl. Padding)

    ----------------------------------------------------------------------

      Code (inc. data)   RO Data    RW Data    ZI Data      Debug   Library Member Name

        86          0          0          0          0          0   __dczerorl2.o
         0          0          0          0          0          0   entry.o
         0          0          0          0          0          0   entry10a.o
         0          0          0          0          0          0   entry11a.o
         8          4          0          0          0          0   entry2.o
         4          0          0          0          0          0   entry5.o
         0          0          0          0          0          0   entry7b.o
         0          0          0          0          0          0   entry8b.o
         8          4          0          0          0          0   entry9a.o
        30          0          0          0          0          0   handlers.o
        36          8          0          0          0         68   init.o
        36          0          0          0          0         68   memcpya.o
        36          0          0          0          0        108   memseta.o

    ----------------------------------------------------------------------
       246         16          0          0          0        244   Library Totals
         2          0          0          0          0          0   (incl. Padding)

    ----------------------------------------------------------------------

      Code (inc. data)   RO Data    RW Data    ZI Data      Debug   Library Name

       244         16          0          0          0        244   mc_w.l

    ----------------------------------------------------------------------
       246         16          0          0          0        244   Library Totals

    ----------------------------------------------------------------------

==============================================================================


      Code (inc. data)   RO Data    RW Data    ZI Data      Debug   

     20588       1012        324        460       7420     739124   Grand Totals
     20588       1012        324        196       7420     739124   ELF Image Totals (compressed)
     20588       1012        324        196          0          0   ROM Totals

==============================================================================

    Total RO  Size (Code + RO Data)                20912 (  20.42kB)
    Total RW  Size (RW Data + ZI Data)              7880 (   7.70kB)
    Total ROM Size (Code + RO Data + RW Data)      21108 (  20.61kB)

==============================================================================

